$ umask 022 && mkdir -p "/usr/local/google/home/mmaurer/android/rust-toolchain/out/package/lib/rustlib"
$ echo "3" > "/usr/local/google/home/mmaurer/android/rust-toolchain/out/package/lib/rustlib/rust-installer-version"
install: creating uninstall script at /usr/local/google/home/mmaurer/android/rust-toolchain/out/package/lib/rustlib/uninstall.sh
$ cp /usr/local/google/home/mmaurer/android/rust-toolchain/out/rustc/build/tmp/tarball/clippy/x86_64-unknown-linux-gnu/clippy-1.80.1-dev-x86_64-unknown-linux-gnu/install.sh /usr/local/google/home/mmaurer/android/rust-toolchain/out/package/lib/rustlib/uninstall.sh
install: installing component 'clippy-preview'
$ echo "clippy-preview" >> "/usr/local/google/home/mmaurer/android/rust-toolchain/out/package/lib/rustlib/components"
$ umask 022 && mkdir -p "/usr/local/google/home/mmaurer/android/rust-toolchain/out/package/bin"
install: copying file /usr/local/google/home/mmaurer/android/rust-toolchain/out/package/bin/cargo-clippy
$ cp /usr/local/google/home/mmaurer/android/rust-toolchain/out/rustc/build/tmp/tarball/clippy/x86_64-unknown-linux-gnu/clippy-1.80.1-dev-x86_64-unknown-linux-gnu/clippy-preview/bin/cargo-clippy /usr/local/google/home/mmaurer/android/rust-toolchain/out/package/bin/cargo-clippy
$ chmod 755 /usr/local/google/home/mmaurer/android/rust-toolchain/out/package/bin/cargo-clippy
$ echo "file:/usr/local/google/home/mmaurer/android/rust-toolchain/out/package/bin/cargo-clippy" >> "/usr/local/google/home/mmaurer/android/rust-toolchain/out/package/lib/rustlib/manifest-clippy-preview"
$ umask 022 && mkdir -p "/usr/local/google/home/mmaurer/android/rust-toolchain/out/package/bin"
install: copying file /usr/local/google/home/mmaurer/android/rust-toolchain/out/package/bin/clippy-driver
$ cp /usr/local/google/home/mmaurer/android/rust-toolchain/out/rustc/build/tmp/tarball/clippy/x86_64-unknown-linux-gnu/clippy-1.80.1-dev-x86_64-unknown-linux-gnu/clippy-preview/bin/clippy-driver /usr/local/google/home/mmaurer/android/rust-toolchain/out/package/bin/clippy-driver
$ chmod 755 /usr/local/google/home/mmaurer/android/rust-toolchain/out/package/bin/clippy-driver
$ echo "file:/usr/local/google/home/mmaurer/android/rust-toolchain/out/package/bin/clippy-driver" >> "/usr/local/google/home/mmaurer/android/rust-toolchain/out/package/lib/rustlib/manifest-clippy-preview"
$ umask 022 && mkdir -p "/usr/local/google/home/mmaurer/android/rust-toolchain/out/package/share/doc/clippy"
install: copying file /usr/local/google/home/mmaurer/android/rust-toolchain/out/package/share/doc/clippy/LICENSE-APACHE
$ cp /usr/local/google/home/mmaurer/android/rust-toolchain/out/rustc/build/tmp/tarball/clippy/x86_64-unknown-linux-gnu/clippy-1.80.1-dev-x86_64-unknown-linux-gnu/clippy-preview/share/doc/clippy/LICENSE-APACHE /usr/local/google/home/mmaurer/android/rust-toolchain/out/package/share/doc/clippy/LICENSE-APACHE
$ chmod 644 /usr/local/google/home/mmaurer/android/rust-toolchain/out/package/share/doc/clippy/LICENSE-APACHE
$ echo "file:/usr/local/google/home/mmaurer/android/rust-toolchain/out/package/share/doc/clippy/LICENSE-APACHE" >> "/usr/local/google/home/mmaurer/android/rust-toolchain/out/package/lib/rustlib/manifest-clippy-preview"
$ umask 022 && mkdir -p "/usr/local/google/home/mmaurer/android/rust-toolchain/out/package/share/doc/clippy"
install: copying file /usr/local/google/home/mmaurer/android/rust-toolchain/out/package/share/doc/clippy/LICENSE-MIT
$ cp /usr/local/google/home/mmaurer/android/rust-toolchain/out/rustc/build/tmp/tarball/clippy/x86_64-unknown-linux-gnu/clippy-1.80.1-dev-x86_64-unknown-linux-gnu/clippy-preview/share/doc/clippy/LICENSE-MIT /usr/local/google/home/mmaurer/android/rust-toolchain/out/package/share/doc/clippy/LICENSE-MIT
$ chmod 644 /usr/local/google/home/mmaurer/android/rust-toolchain/out/package/share/doc/clippy/LICENSE-MIT
$ echo "file:/usr/local/google/home/mmaurer/android/rust-toolchain/out/package/share/doc/clippy/LICENSE-MIT" >> "/usr/local/google/home/mmaurer/android/rust-toolchain/out/package/lib/rustlib/manifest-clippy-preview"
$ umask 022 && mkdir -p "/usr/local/google/home/mmaurer/android/rust-toolchain/out/package/share/doc/clippy"
install: copying file /usr/local/google/home/mmaurer/android/rust-toolchain/out/package/share/doc/clippy/README.md
$ cp /usr/local/google/home/mmaurer/android/rust-toolchain/out/rustc/build/tmp/tarball/clippy/x86_64-unknown-linux-gnu/clippy-1.80.1-dev-x86_64-unknown-linux-gnu/clippy-preview/share/doc/clippy/README.md /usr/local/google/home/mmaurer/android/rust-toolchain/out/package/share/doc/clippy/README.md
$ chmod 644 /usr/local/google/home/mmaurer/android/rust-toolchain/out/package/share/doc/clippy/README.md
$ echo "file:/usr/local/google/home/mmaurer/android/rust-toolchain/out/package/share/doc/clippy/README.md" >> "/usr/local/google/home/mmaurer/android/rust-toolchain/out/package/lib/rustlib/manifest-clippy-preview"
