$ umask 022 && mkdir -p "/proc/cygdrive/C/buildbot/src/googleplex-android/main-rust-toolchain/out/package/lib/rustlib"
$ echo "3" > "/proc/cygdrive/C/buildbot/src/googleplex-android/main-rust-toolchain/out/package/lib/rustlib/rust-installer-version"
install: creating uninstall script at /proc/cygdrive/C/buildbot/src/googleplex-android/main-rust-toolchain/out/package/lib/rustlib/uninstall.sh
$ cp /proc/cygdrive/C/buildbot/src/googleplex-android/main-rust-toolchain/out/rustc/build/tmp/tarball/llvm-tools/x86_64-pc-windows-gnu/llvm-tools-1.89.0-dev-x86_64-pc-windows-gnu/install.sh /proc/cygdrive/C/buildbot/src/googleplex-android/main-rust-toolchain/out/package/lib/rustlib/uninstall.sh
install: installing component 'llvm-tools-preview'
$ echo "llvm-tools-preview" >> "/proc/cygdrive/C/buildbot/src/googleplex-android/main-rust-toolchain/out/package/lib/rustlib/components"
$ umask 022 && mkdir -p "/proc/cygdrive/C/buildbot/src/googleplex-android/main-rust-toolchain/out/package/lib/rustlib/x86_64-pc-windows-gnu/bin"
install: copying file /proc/cygdrive/C/buildbot/src/googleplex-android/main-rust-toolchain/out/package/lib/rustlib/x86_64-pc-windows-gnu/bin/llc.exe
$ cp /proc/cygdrive/C/buildbot/src/googleplex-android/main-rust-toolchain/out/rustc/build/tmp/tarball/llvm-tools/x86_64-pc-windows-gnu/llvm-tools-1.89.0-dev-x86_64-pc-windows-gnu/llvm-tools-preview/lib/rustlib/x86_64-pc-windows-gnu/bin/llc.exe /proc/cygdrive/C/buildbot/src/googleplex-android/main-rust-toolchain/out/package/lib/rustlib/x86_64-pc-windows-gnu/bin/llc.exe
$ chmod 755 /proc/cygdrive/C/buildbot/src/googleplex-android/main-rust-toolchain/out/package/lib/rustlib/x86_64-pc-windows-gnu/bin/llc.exe
$ echo "file:/proc/cygdrive/C/buildbot/src/googleplex-android/main-rust-toolchain/out/package/lib/rustlib/x86_64-pc-windows-gnu/bin/llc.exe" >> "/proc/cygdrive/C/buildbot/src/googleplex-android/main-rust-toolchain/out/package/lib/rustlib/manifest-llvm-tools-preview"
$ umask 022 && mkdir -p "/proc/cygdrive/C/buildbot/src/googleplex-android/main-rust-toolchain/out/package/lib/rustlib/x86_64-pc-windows-gnu/bin"
install: copying file /proc/cygdrive/C/buildbot/src/googleplex-android/main-rust-toolchain/out/package/lib/rustlib/x86_64-pc-windows-gnu/bin/llvm-ar.exe
$ cp /proc/cygdrive/C/buildbot/src/googleplex-android/main-rust-toolchain/out/rustc/build/tmp/tarball/llvm-tools/x86_64-pc-windows-gnu/llvm-tools-1.89.0-dev-x86_64-pc-windows-gnu/llvm-tools-preview/lib/rustlib/x86_64-pc-windows-gnu/bin/llvm-ar.exe /proc/cygdrive/C/buildbot/src/googleplex-android/main-rust-toolchain/out/package/lib/rustlib/x86_64-pc-windows-gnu/bin/llvm-ar.exe
$ chmod 755 /proc/cygdrive/C/buildbot/src/googleplex-android/main-rust-toolchain/out/package/lib/rustlib/x86_64-pc-windows-gnu/bin/llvm-ar.exe
$ echo "file:/proc/cygdrive/C/buildbot/src/googleplex-android/main-rust-toolchain/out/package/lib/rustlib/x86_64-pc-windows-gnu/bin/llvm-ar.exe" >> "/proc/cygdrive/C/buildbot/src/googleplex-android/main-rust-toolchain/out/package/lib/rustlib/manifest-llvm-tools-preview"
$ umask 022 && mkdir -p "/proc/cygdrive/C/buildbot/src/googleplex-android/main-rust-toolchain/out/package/lib/rustlib/x86_64-pc-windows-gnu/bin"
install: copying file /proc/cygdrive/C/buildbot/src/googleplex-android/main-rust-toolchain/out/package/lib/rustlib/x86_64-pc-windows-gnu/bin/llvm-as.exe
$ cp /proc/cygdrive/C/buildbot/src/googleplex-android/main-rust-toolchain/out/rustc/build/tmp/tarball/llvm-tools/x86_64-pc-windows-gnu/llvm-tools-1.89.0-dev-x86_64-pc-windows-gnu/llvm-tools-preview/lib/rustlib/x86_64-pc-windows-gnu/bin/llvm-as.exe /proc/cygdrive/C/buildbot/src/googleplex-android/main-rust-toolchain/out/package/lib/rustlib/x86_64-pc-windows-gnu/bin/llvm-as.exe
$ chmod 755 /proc/cygdrive/C/buildbot/src/googleplex-android/main-rust-toolchain/out/package/lib/rustlib/x86_64-pc-windows-gnu/bin/llvm-as.exe
$ echo "file:/proc/cygdrive/C/buildbot/src/googleplex-android/main-rust-toolchain/out/package/lib/rustlib/x86_64-pc-windows-gnu/bin/llvm-as.exe" >> "/proc/cygdrive/C/buildbot/src/googleplex-android/main-rust-toolchain/out/package/lib/rustlib/manifest-llvm-tools-preview"
$ umask 022 && mkdir -p "/proc/cygdrive/C/buildbot/src/googleplex-android/main-rust-toolchain/out/package/lib/rustlib/x86_64-pc-windows-gnu/bin"
install: copying file /proc/cygdrive/C/buildbot/src/googleplex-android/main-rust-toolchain/out/package/lib/rustlib/x86_64-pc-windows-gnu/bin/llvm-cov.exe
$ cp /proc/cygdrive/C/buildbot/src/googleplex-android/main-rust-toolchain/out/rustc/build/tmp/tarball/llvm-tools/x86_64-pc-windows-gnu/llvm-tools-1.89.0-dev-x86_64-pc-windows-gnu/llvm-tools-preview/lib/rustlib/x86_64-pc-windows-gnu/bin/llvm-cov.exe /proc/cygdrive/C/buildbot/src/googleplex-android/main-rust-toolchain/out/package/lib/rustlib/x86_64-pc-windows-gnu/bin/llvm-cov.exe
$ chmod 755 /proc/cygdrive/C/buildbot/src/googleplex-android/main-rust-toolchain/out/package/lib/rustlib/x86_64-pc-windows-gnu/bin/llvm-cov.exe
$ echo "file:/proc/cygdrive/C/buildbot/src/googleplex-android/main-rust-toolchain/out/package/lib/rustlib/x86_64-pc-windows-gnu/bin/llvm-cov.exe" >> "/proc/cygdrive/C/buildbot/src/googleplex-android/main-rust-toolchain/out/package/lib/rustlib/manifest-llvm-tools-preview"
$ umask 022 && mkdir -p "/proc/cygdrive/C/buildbot/src/googleplex-android/main-rust-toolchain/out/package/lib/rustlib/x86_64-pc-windows-gnu/bin"
install: copying file /proc/cygdrive/C/buildbot/src/googleplex-android/main-rust-toolchain/out/package/lib/rustlib/x86_64-pc-windows-gnu/bin/llvm-dis.exe
$ cp /proc/cygdrive/C/buildbot/src/googleplex-android/main-rust-toolchain/out/rustc/build/tmp/tarball/llvm-tools/x86_64-pc-windows-gnu/llvm-tools-1.89.0-dev-x86_64-pc-windows-gnu/llvm-tools-preview/lib/rustlib/x86_64-pc-windows-gnu/bin/llvm-dis.exe /proc/cygdrive/C/buildbot/src/googleplex-android/main-rust-toolchain/out/package/lib/rustlib/x86_64-pc-windows-gnu/bin/llvm-dis.exe
$ chmod 755 /proc/cygdrive/C/buildbot/src/googleplex-android/main-rust-toolchain/out/package/lib/rustlib/x86_64-pc-windows-gnu/bin/llvm-dis.exe
$ echo "file:/proc/cygdrive/C/buildbot/src/googleplex-android/main-rust-toolchain/out/package/lib/rustlib/x86_64-pc-windows-gnu/bin/llvm-dis.exe" >> "/proc/cygdrive/C/buildbot/src/googleplex-android/main-rust-toolchain/out/package/lib/rustlib/manifest-llvm-tools-preview"
$ umask 022 && mkdir -p "/proc/cygdrive/C/buildbot/src/googleplex-android/main-rust-toolchain/out/package/lib/rustlib/x86_64-pc-windows-gnu/bin"
install: copying file /proc/cygdrive/C/buildbot/src/googleplex-android/main-rust-toolchain/out/package/lib/rustlib/x86_64-pc-windows-gnu/bin/llvm-link.exe
$ cp /proc/cygdrive/C/buildbot/src/googleplex-android/main-rust-toolchain/out/rustc/build/tmp/tarball/llvm-tools/x86_64-pc-windows-gnu/llvm-tools-1.89.0-dev-x86_64-pc-windows-gnu/llvm-tools-preview/lib/rustlib/x86_64-pc-windows-gnu/bin/llvm-link.exe /proc/cygdrive/C/buildbot/src/googleplex-android/main-rust-toolchain/out/package/lib/rustlib/x86_64-pc-windows-gnu/bin/llvm-link.exe
$ chmod 755 /proc/cygdrive/C/buildbot/src/googleplex-android/main-rust-toolchain/out/package/lib/rustlib/x86_64-pc-windows-gnu/bin/llvm-link.exe
$ echo "file:/proc/cygdrive/C/buildbot/src/googleplex-android/main-rust-toolchain/out/package/lib/rustlib/x86_64-pc-windows-gnu/bin/llvm-link.exe" >> "/proc/cygdrive/C/buildbot/src/googleplex-android/main-rust-toolchain/out/package/lib/rustlib/manifest-llvm-tools-preview"
$ umask 022 && mkdir -p "/proc/cygdrive/C/buildbot/src/googleplex-android/main-rust-toolchain/out/package/lib/rustlib/x86_64-pc-windows-gnu/bin"
install: copying file /proc/cygdrive/C/buildbot/src/googleplex-android/main-rust-toolchain/out/package/lib/rustlib/x86_64-pc-windows-gnu/bin/llvm-nm.exe
$ cp /proc/cygdrive/C/buildbot/src/googleplex-android/main-rust-toolchain/out/rustc/build/tmp/tarball/llvm-tools/x86_64-pc-windows-gnu/llvm-tools-1.89.0-dev-x86_64-pc-windows-gnu/llvm-tools-preview/lib/rustlib/x86_64-pc-windows-gnu/bin/llvm-nm.exe /proc/cygdrive/C/buildbot/src/googleplex-android/main-rust-toolchain/out/package/lib/rustlib/x86_64-pc-windows-gnu/bin/llvm-nm.exe
$ chmod 755 /proc/cygdrive/C/buildbot/src/googleplex-android/main-rust-toolchain/out/package/lib/rustlib/x86_64-pc-windows-gnu/bin/llvm-nm.exe
$ echo "file:/proc/cygdrive/C/buildbot/src/googleplex-android/main-rust-toolchain/out/package/lib/rustlib/x86_64-pc-windows-gnu/bin/llvm-nm.exe" >> "/proc/cygdrive/C/buildbot/src/googleplex-android/main-rust-toolchain/out/package/lib/rustlib/manifest-llvm-tools-preview"
$ umask 022 && mkdir -p "/proc/cygdrive/C/buildbot/src/googleplex-android/main-rust-toolchain/out/package/lib/rustlib/x86_64-pc-windows-gnu/bin"
install: copying file /proc/cygdrive/C/buildbot/src/googleplex-android/main-rust-toolchain/out/package/lib/rustlib/x86_64-pc-windows-gnu/bin/llvm-objcopy.exe
$ cp /proc/cygdrive/C/buildbot/src/googleplex-android/main-rust-toolchain/out/rustc/build/tmp/tarball/llvm-tools/x86_64-pc-windows-gnu/llvm-tools-1.89.0-dev-x86_64-pc-windows-gnu/llvm-tools-preview/lib/rustlib/x86_64-pc-windows-gnu/bin/llvm-objcopy.exe /proc/cygdrive/C/buildbot/src/googleplex-android/main-rust-toolchain/out/package/lib/rustlib/x86_64-pc-windows-gnu/bin/llvm-objcopy.exe
$ chmod 755 /proc/cygdrive/C/buildbot/src/googleplex-android/main-rust-toolchain/out/package/lib/rustlib/x86_64-pc-windows-gnu/bin/llvm-objcopy.exe
$ echo "file:/proc/cygdrive/C/buildbot/src/googleplex-android/main-rust-toolchain/out/package/lib/rustlib/x86_64-pc-windows-gnu/bin/llvm-objcopy.exe" >> "/proc/cygdrive/C/buildbot/src/googleplex-android/main-rust-toolchain/out/package/lib/rustlib/manifest-llvm-tools-preview"
$ umask 022 && mkdir -p "/proc/cygdrive/C/buildbot/src/googleplex-android/main-rust-toolchain/out/package/lib/rustlib/x86_64-pc-windows-gnu/bin"
install: copying file /proc/cygdrive/C/buildbot/src/googleplex-android/main-rust-toolchain/out/package/lib/rustlib/x86_64-pc-windows-gnu/bin/llvm-objdump.exe
$ cp /proc/cygdrive/C/buildbot/src/googleplex-android/main-rust-toolchain/out/rustc/build/tmp/tarball/llvm-tools/x86_64-pc-windows-gnu/llvm-tools-1.89.0-dev-x86_64-pc-windows-gnu/llvm-tools-preview/lib/rustlib/x86_64-pc-windows-gnu/bin/llvm-objdump.exe /proc/cygdrive/C/buildbot/src/googleplex-android/main-rust-toolchain/out/package/lib/rustlib/x86_64-pc-windows-gnu/bin/llvm-objdump.exe
$ chmod 755 /proc/cygdrive/C/buildbot/src/googleplex-android/main-rust-toolchain/out/package/lib/rustlib/x86_64-pc-windows-gnu/bin/llvm-objdump.exe
$ echo "file:/proc/cygdrive/C/buildbot/src/googleplex-android/main-rust-toolchain/out/package/lib/rustlib/x86_64-pc-windows-gnu/bin/llvm-objdump.exe" >> "/proc/cygdrive/C/buildbot/src/googleplex-android/main-rust-toolchain/out/package/lib/rustlib/manifest-llvm-tools-preview"
$ umask 022 && mkdir -p "/proc/cygdrive/C/buildbot/src/googleplex-android/main-rust-toolchain/out/package/lib/rustlib/x86_64-pc-windows-gnu/bin"
install: copying file /proc/cygdrive/C/buildbot/src/googleplex-android/main-rust-toolchain/out/package/lib/rustlib/x86_64-pc-windows-gnu/bin/llvm-profdata.exe
$ cp /proc/cygdrive/C/buildbot/src/googleplex-android/main-rust-toolchain/out/rustc/build/tmp/tarball/llvm-tools/x86_64-pc-windows-gnu/llvm-tools-1.89.0-dev-x86_64-pc-windows-gnu/llvm-tools-preview/lib/rustlib/x86_64-pc-windows-gnu/bin/llvm-profdata.exe /proc/cygdrive/C/buildbot/src/googleplex-android/main-rust-toolchain/out/package/lib/rustlib/x86_64-pc-windows-gnu/bin/llvm-profdata.exe
$ chmod 755 /proc/cygdrive/C/buildbot/src/googleplex-android/main-rust-toolchain/out/package/lib/rustlib/x86_64-pc-windows-gnu/bin/llvm-profdata.exe
$ echo "file:/proc/cygdrive/C/buildbot/src/googleplex-android/main-rust-toolchain/out/package/lib/rustlib/x86_64-pc-windows-gnu/bin/llvm-profdata.exe" >> "/proc/cygdrive/C/buildbot/src/googleplex-android/main-rust-toolchain/out/package/lib/rustlib/manifest-llvm-tools-preview"
$ umask 022 && mkdir -p "/proc/cygdrive/C/buildbot/src/googleplex-android/main-rust-toolchain/out/package/lib/rustlib/x86_64-pc-windows-gnu/bin"
install: copying file /proc/cygdrive/C/buildbot/src/googleplex-android/main-rust-toolchain/out/package/lib/rustlib/x86_64-pc-windows-gnu/bin/llvm-readobj.exe
$ cp /proc/cygdrive/C/buildbot/src/googleplex-android/main-rust-toolchain/out/rustc/build/tmp/tarball/llvm-tools/x86_64-pc-windows-gnu/llvm-tools-1.89.0-dev-x86_64-pc-windows-gnu/llvm-tools-preview/lib/rustlib/x86_64-pc-windows-gnu/bin/llvm-readobj.exe /proc/cygdrive/C/buildbot/src/googleplex-android/main-rust-toolchain/out/package/lib/rustlib/x86_64-pc-windows-gnu/bin/llvm-readobj.exe
$ chmod 755 /proc/cygdrive/C/buildbot/src/googleplex-android/main-rust-toolchain/out/package/lib/rustlib/x86_64-pc-windows-gnu/bin/llvm-readobj.exe
$ echo "file:/proc/cygdrive/C/buildbot/src/googleplex-android/main-rust-toolchain/out/package/lib/rustlib/x86_64-pc-windows-gnu/bin/llvm-readobj.exe" >> "/proc/cygdrive/C/buildbot/src/googleplex-android/main-rust-toolchain/out/package/lib/rustlib/manifest-llvm-tools-preview"
$ umask 022 && mkdir -p "/proc/cygdrive/C/buildbot/src/googleplex-android/main-rust-toolchain/out/package/lib/rustlib/x86_64-pc-windows-gnu/bin"
install: copying file /proc/cygdrive/C/buildbot/src/googleplex-android/main-rust-toolchain/out/package/lib/rustlib/x86_64-pc-windows-gnu/bin/llvm-size.exe
$ cp /proc/cygdrive/C/buildbot/src/googleplex-android/main-rust-toolchain/out/rustc/build/tmp/tarball/llvm-tools/x86_64-pc-windows-gnu/llvm-tools-1.89.0-dev-x86_64-pc-windows-gnu/llvm-tools-preview/lib/rustlib/x86_64-pc-windows-gnu/bin/llvm-size.exe /proc/cygdrive/C/buildbot/src/googleplex-android/main-rust-toolchain/out/package/lib/rustlib/x86_64-pc-windows-gnu/bin/llvm-size.exe
$ chmod 755 /proc/cygdrive/C/buildbot/src/googleplex-android/main-rust-toolchain/out/package/lib/rustlib/x86_64-pc-windows-gnu/bin/llvm-size.exe
$ echo "file:/proc/cygdrive/C/buildbot/src/googleplex-android/main-rust-toolchain/out/package/lib/rustlib/x86_64-pc-windows-gnu/bin/llvm-size.exe" >> "/proc/cygdrive/C/buildbot/src/googleplex-android/main-rust-toolchain/out/package/lib/rustlib/manifest-llvm-tools-preview"
$ umask 022 && mkdir -p "/proc/cygdrive/C/buildbot/src/googleplex-android/main-rust-toolchain/out/package/lib/rustlib/x86_64-pc-windows-gnu/bin"
install: copying file /proc/cygdrive/C/buildbot/src/googleplex-android/main-rust-toolchain/out/package/lib/rustlib/x86_64-pc-windows-gnu/bin/llvm-strip.exe
$ cp /proc/cygdrive/C/buildbot/src/googleplex-android/main-rust-toolchain/out/rustc/build/tmp/tarball/llvm-tools/x86_64-pc-windows-gnu/llvm-tools-1.89.0-dev-x86_64-pc-windows-gnu/llvm-tools-preview/lib/rustlib/x86_64-pc-windows-gnu/bin/llvm-strip.exe /proc/cygdrive/C/buildbot/src/googleplex-android/main-rust-toolchain/out/package/lib/rustlib/x86_64-pc-windows-gnu/bin/llvm-strip.exe
$ chmod 755 /proc/cygdrive/C/buildbot/src/googleplex-android/main-rust-toolchain/out/package/lib/rustlib/x86_64-pc-windows-gnu/bin/llvm-strip.exe
$ echo "file:/proc/cygdrive/C/buildbot/src/googleplex-android/main-rust-toolchain/out/package/lib/rustlib/x86_64-pc-windows-gnu/bin/llvm-strip.exe" >> "/proc/cygdrive/C/buildbot/src/googleplex-android/main-rust-toolchain/out/package/lib/rustlib/manifest-llvm-tools-preview"
$ umask 022 && mkdir -p "/proc/cygdrive/C/buildbot/src/googleplex-android/main-rust-toolchain/out/package/lib/rustlib/x86_64-pc-windows-gnu/bin"
install: copying file /proc/cygdrive/C/buildbot/src/googleplex-android/main-rust-toolchain/out/package/lib/rustlib/x86_64-pc-windows-gnu/bin/opt.exe
$ cp /proc/cygdrive/C/buildbot/src/googleplex-android/main-rust-toolchain/out/rustc/build/tmp/tarball/llvm-tools/x86_64-pc-windows-gnu/llvm-tools-1.89.0-dev-x86_64-pc-windows-gnu/llvm-tools-preview/lib/rustlib/x86_64-pc-windows-gnu/bin/opt.exe /proc/cygdrive/C/buildbot/src/googleplex-android/main-rust-toolchain/out/package/lib/rustlib/x86_64-pc-windows-gnu/bin/opt.exe
$ chmod 755 /proc/cygdrive/C/buildbot/src/googleplex-android/main-rust-toolchain/out/package/lib/rustlib/x86_64-pc-windows-gnu/bin/opt.exe
$ echo "file:/proc/cygdrive/C/buildbot/src/googleplex-android/main-rust-toolchain/out/package/lib/rustlib/x86_64-pc-windows-gnu/bin/opt.exe" >> "/proc/cygdrive/C/buildbot/src/googleplex-android/main-rust-toolchain/out/package/lib/rustlib/manifest-llvm-tools-preview"
