$ umask 022 && mkdir -p "/Volumes/Android/buildbot/src/googleplex-android/main-rust-toolchain/out/package/lib/rustlib"
$ echo "3" > "/Volumes/Android/buildbot/src/googleplex-android/main-rust-toolchain/out/package/lib/rustlib/rust-installer-version"
install: creating uninstall script at /Volumes/Android/buildbot/src/googleplex-android/main-rust-toolchain/out/package/lib/rustlib/uninstall.sh
$ cp /Volumes/Android/buildbot/src/googleplex-android/main-rust-toolchain/out/rustc/build/tmp/tarball/clippy/x86_64-apple-darwin/clippy-1.84.1-dev-x86_64-apple-darwin/install.sh /Volumes/Android/buildbot/src/googleplex-android/main-rust-toolchain/out/package/lib/rustlib/uninstall.sh
install: installing component 'clippy-preview'
$ echo "clippy-preview" >> "/Volumes/Android/buildbot/src/googleplex-android/main-rust-toolchain/out/package/lib/rustlib/components"
$ umask 022 && mkdir -p "/Volumes/Android/buildbot/src/googleplex-android/main-rust-toolchain/out/package/bin"
install: copying file /Volumes/Android/buildbot/src/googleplex-android/main-rust-toolchain/out/package/bin/cargo-clippy
$ cp /Volumes/Android/buildbot/src/googleplex-android/main-rust-toolchain/out/rustc/build/tmp/tarball/clippy/x86_64-apple-darwin/clippy-1.84.1-dev-x86_64-apple-darwin/clippy-preview/bin/cargo-clippy /Volumes/Android/buildbot/src/googleplex-android/main-rust-toolchain/out/package/bin/cargo-clippy
$ chmod 755 /Volumes/Android/buildbot/src/googleplex-android/main-rust-toolchain/out/package/bin/cargo-clippy
$ echo "file:/Volumes/Android/buildbot/src/googleplex-android/main-rust-toolchain/out/package/bin/cargo-clippy" >> "/Volumes/Android/buildbot/src/googleplex-android/main-rust-toolchain/out/package/lib/rustlib/manifest-clippy-preview"
$ umask 022 && mkdir -p "/Volumes/Android/buildbot/src/googleplex-android/main-rust-toolchain/out/package/bin"
install: copying file /Volumes/Android/buildbot/src/googleplex-android/main-rust-toolchain/out/package/bin/clippy-driver
$ cp /Volumes/Android/buildbot/src/googleplex-android/main-rust-toolchain/out/rustc/build/tmp/tarball/clippy/x86_64-apple-darwin/clippy-1.84.1-dev-x86_64-apple-darwin/clippy-preview/bin/clippy-driver /Volumes/Android/buildbot/src/googleplex-android/main-rust-toolchain/out/package/bin/clippy-driver
$ chmod 755 /Volumes/Android/buildbot/src/googleplex-android/main-rust-toolchain/out/package/bin/clippy-driver
$ echo "file:/Volumes/Android/buildbot/src/googleplex-android/main-rust-toolchain/out/package/bin/clippy-driver" >> "/Volumes/Android/buildbot/src/googleplex-android/main-rust-toolchain/out/package/lib/rustlib/manifest-clippy-preview"
$ umask 022 && mkdir -p "/Volumes/Android/buildbot/src/googleplex-android/main-rust-toolchain/out/package/share/doc/clippy"
install: copying file /Volumes/Android/buildbot/src/googleplex-android/main-rust-toolchain/out/package/share/doc/clippy/LICENSE-APACHE
$ cp /Volumes/Android/buildbot/src/googleplex-android/main-rust-toolchain/out/rustc/build/tmp/tarball/clippy/x86_64-apple-darwin/clippy-1.84.1-dev-x86_64-apple-darwin/clippy-preview/share/doc/clippy/LICENSE-APACHE /Volumes/Android/buildbot/src/googleplex-android/main-rust-toolchain/out/package/share/doc/clippy/LICENSE-APACHE
$ chmod 644 /Volumes/Android/buildbot/src/googleplex-android/main-rust-toolchain/out/package/share/doc/clippy/LICENSE-APACHE
$ echo "file:/Volumes/Android/buildbot/src/googleplex-android/main-rust-toolchain/out/package/share/doc/clippy/LICENSE-APACHE" >> "/Volumes/Android/buildbot/src/googleplex-android/main-rust-toolchain/out/package/lib/rustlib/manifest-clippy-preview"
$ umask 022 && mkdir -p "/Volumes/Android/buildbot/src/googleplex-android/main-rust-toolchain/out/package/share/doc/clippy"
install: copying file /Volumes/Android/buildbot/src/googleplex-android/main-rust-toolchain/out/package/share/doc/clippy/LICENSE-MIT
$ cp /Volumes/Android/buildbot/src/googleplex-android/main-rust-toolchain/out/rustc/build/tmp/tarball/clippy/x86_64-apple-darwin/clippy-1.84.1-dev-x86_64-apple-darwin/clippy-preview/share/doc/clippy/LICENSE-MIT /Volumes/Android/buildbot/src/googleplex-android/main-rust-toolchain/out/package/share/doc/clippy/LICENSE-MIT
$ chmod 644 /Volumes/Android/buildbot/src/googleplex-android/main-rust-toolchain/out/package/share/doc/clippy/LICENSE-MIT
$ echo "file:/Volumes/Android/buildbot/src/googleplex-android/main-rust-toolchain/out/package/share/doc/clippy/LICENSE-MIT" >> "/Volumes/Android/buildbot/src/googleplex-android/main-rust-toolchain/out/package/lib/rustlib/manifest-clippy-preview"
$ umask 022 && mkdir -p "/Volumes/Android/buildbot/src/googleplex-android/main-rust-toolchain/out/package/share/doc/clippy"
install: copying file /Volumes/Android/buildbot/src/googleplex-android/main-rust-toolchain/out/package/share/doc/clippy/README.md
$ cp /Volumes/Android/buildbot/src/googleplex-android/main-rust-toolchain/out/rustc/build/tmp/tarball/clippy/x86_64-apple-darwin/clippy-1.84.1-dev-x86_64-apple-darwin/clippy-preview/share/doc/clippy/README.md /Volumes/Android/buildbot/src/googleplex-android/main-rust-toolchain/out/package/share/doc/clippy/README.md
$ chmod 644 /Volumes/Android/buildbot/src/googleplex-android/main-rust-toolchain/out/package/share/doc/clippy/README.md
$ echo "file:/Volumes/Android/buildbot/src/googleplex-android/main-rust-toolchain/out/package/share/doc/clippy/README.md" >> "/Volumes/Android/buildbot/src/googleplex-android/main-rust-toolchain/out/package/lib/rustlib/manifest-clippy-preview"
