$ umask 022 && mkdir -p "/mnt/disks/build-disk/src/googleplex-android/main-rust-toolchain/out/package/lib/rustlib"
$ echo "3" > "/mnt/disks/build-disk/src/googleplex-android/main-rust-toolchain/out/package/lib/rustlib/rust-installer-version"
install: creating uninstall script at /mnt/disks/build-disk/src/googleplex-android/main-rust-toolchain/out/package/lib/rustlib/uninstall.sh
$ cp /mnt/disks/build-disk/src/googleplex-android/main-rust-toolchain/out/rustc/build/tmp/tarball/clippy/x86_64-unknown-linux-gnu/clippy-1.87.0-dev-x86_64-unknown-linux-gnu/install.sh /mnt/disks/build-disk/src/googleplex-android/main-rust-toolchain/out/package/lib/rustlib/uninstall.sh
install: installing component 'clippy-preview'
$ echo "clippy-preview" >> "/mnt/disks/build-disk/src/googleplex-android/main-rust-toolchain/out/package/lib/rustlib/components"
$ umask 022 && mkdir -p "/mnt/disks/build-disk/src/googleplex-android/main-rust-toolchain/out/package/bin"
install: copying file /mnt/disks/build-disk/src/googleplex-android/main-rust-toolchain/out/package/bin/cargo-clippy
$ cp /mnt/disks/build-disk/src/googleplex-android/main-rust-toolchain/out/rustc/build/tmp/tarball/clippy/x86_64-unknown-linux-gnu/clippy-1.87.0-dev-x86_64-unknown-linux-gnu/clippy-preview/bin/cargo-clippy /mnt/disks/build-disk/src/googleplex-android/main-rust-toolchain/out/package/bin/cargo-clippy
$ chmod 755 /mnt/disks/build-disk/src/googleplex-android/main-rust-toolchain/out/package/bin/cargo-clippy
$ echo "file:/mnt/disks/build-disk/src/googleplex-android/main-rust-toolchain/out/package/bin/cargo-clippy" >> "/mnt/disks/build-disk/src/googleplex-android/main-rust-toolchain/out/package/lib/rustlib/manifest-clippy-preview"
$ umask 022 && mkdir -p "/mnt/disks/build-disk/src/googleplex-android/main-rust-toolchain/out/package/bin"
install: copying file /mnt/disks/build-disk/src/googleplex-android/main-rust-toolchain/out/package/bin/clippy-driver
$ cp /mnt/disks/build-disk/src/googleplex-android/main-rust-toolchain/out/rustc/build/tmp/tarball/clippy/x86_64-unknown-linux-gnu/clippy-1.87.0-dev-x86_64-unknown-linux-gnu/clippy-preview/bin/clippy-driver /mnt/disks/build-disk/src/googleplex-android/main-rust-toolchain/out/package/bin/clippy-driver
$ chmod 755 /mnt/disks/build-disk/src/googleplex-android/main-rust-toolchain/out/package/bin/clippy-driver
$ echo "file:/mnt/disks/build-disk/src/googleplex-android/main-rust-toolchain/out/package/bin/clippy-driver" >> "/mnt/disks/build-disk/src/googleplex-android/main-rust-toolchain/out/package/lib/rustlib/manifest-clippy-preview"
$ umask 022 && mkdir -p "/mnt/disks/build-disk/src/googleplex-android/main-rust-toolchain/out/package/share/doc/clippy"
install: copying file /mnt/disks/build-disk/src/googleplex-android/main-rust-toolchain/out/package/share/doc/clippy/LICENSE-APACHE
$ cp /mnt/disks/build-disk/src/googleplex-android/main-rust-toolchain/out/rustc/build/tmp/tarball/clippy/x86_64-unknown-linux-gnu/clippy-1.87.0-dev-x86_64-unknown-linux-gnu/clippy-preview/share/doc/clippy/LICENSE-APACHE /mnt/disks/build-disk/src/googleplex-android/main-rust-toolchain/out/package/share/doc/clippy/LICENSE-APACHE
$ chmod 644 /mnt/disks/build-disk/src/googleplex-android/main-rust-toolchain/out/package/share/doc/clippy/LICENSE-APACHE
$ echo "file:/mnt/disks/build-disk/src/googleplex-android/main-rust-toolchain/out/package/share/doc/clippy/LICENSE-APACHE" >> "/mnt/disks/build-disk/src/googleplex-android/main-rust-toolchain/out/package/lib/rustlib/manifest-clippy-preview"
$ umask 022 && mkdir -p "/mnt/disks/build-disk/src/googleplex-android/main-rust-toolchain/out/package/share/doc/clippy"
install: copying file /mnt/disks/build-disk/src/googleplex-android/main-rust-toolchain/out/package/share/doc/clippy/LICENSE-MIT
$ cp /mnt/disks/build-disk/src/googleplex-android/main-rust-toolchain/out/rustc/build/tmp/tarball/clippy/x86_64-unknown-linux-gnu/clippy-1.87.0-dev-x86_64-unknown-linux-gnu/clippy-preview/share/doc/clippy/LICENSE-MIT /mnt/disks/build-disk/src/googleplex-android/main-rust-toolchain/out/package/share/doc/clippy/LICENSE-MIT
$ chmod 644 /mnt/disks/build-disk/src/googleplex-android/main-rust-toolchain/out/package/share/doc/clippy/LICENSE-MIT
$ echo "file:/mnt/disks/build-disk/src/googleplex-android/main-rust-toolchain/out/package/share/doc/clippy/LICENSE-MIT" >> "/mnt/disks/build-disk/src/googleplex-android/main-rust-toolchain/out/package/lib/rustlib/manifest-clippy-preview"
$ umask 022 && mkdir -p "/mnt/disks/build-disk/src/googleplex-android/main-rust-toolchain/out/package/share/doc/clippy"
install: copying file /mnt/disks/build-disk/src/googleplex-android/main-rust-toolchain/out/package/share/doc/clippy/README.md
$ cp /mnt/disks/build-disk/src/googleplex-android/main-rust-toolchain/out/rustc/build/tmp/tarball/clippy/x86_64-unknown-linux-gnu/clippy-1.87.0-dev-x86_64-unknown-linux-gnu/clippy-preview/share/doc/clippy/README.md /mnt/disks/build-disk/src/googleplex-android/main-rust-toolchain/out/package/share/doc/clippy/README.md
$ chmod 644 /mnt/disks/build-disk/src/googleplex-android/main-rust-toolchain/out/package/share/doc/clippy/README.md
$ echo "file:/mnt/disks/build-disk/src/googleplex-android/main-rust-toolchain/out/package/share/doc/clippy/README.md" >> "/mnt/disks/build-disk/src/googleplex-android/main-rust-toolchain/out/package/lib/rustlib/manifest-clippy-preview"
