$ umask 022 && mkdir -p "/C/buildbot/src/googleplex-android/main-rust-toolchain/out/package/lib/rustlib"
$ echo "3" > "/C/buildbot/src/googleplex-android/main-rust-toolchain/out/package/lib/rustlib/rust-installer-version"
install: creating uninstall script at /C/buildbot/src/googleplex-android/main-rust-toolchain/out/package/lib/rustlib/uninstall.sh
$ cp /C/buildbot/src/googleplex-android/main-rust-toolchain/out/rustc/build/tmp/tarball/clippy/x86_64-pc-windows-gnu/clippy-1.86.0-dev-x86_64-pc-windows-gnu/install.sh /C/buildbot/src/googleplex-android/main-rust-toolchain/out/package/lib/rustlib/uninstall.sh
install: installing component 'clippy-preview'
$ echo "clippy-preview" >> "/C/buildbot/src/googleplex-android/main-rust-toolchain/out/package/lib/rustlib/components"
$ umask 022 && mkdir -p "/C/buildbot/src/googleplex-android/main-rust-toolchain/out/package/bin"
install: copying file /C/buildbot/src/googleplex-android/main-rust-toolchain/out/package/bin/cargo-clippy.exe
$ cp /C/buildbot/src/googleplex-android/main-rust-toolchain/out/rustc/build/tmp/tarball/clippy/x86_64-pc-windows-gnu/clippy-1.86.0-dev-x86_64-pc-windows-gnu/clippy-preview/bin/cargo-clippy.exe /C/buildbot/src/googleplex-android/main-rust-toolchain/out/package/bin/cargo-clippy.exe
$ chmod 755 /C/buildbot/src/googleplex-android/main-rust-toolchain/out/package/bin/cargo-clippy.exe
$ echo "file:/C/buildbot/src/googleplex-android/main-rust-toolchain/out/package/bin/cargo-clippy.exe" >> "/C/buildbot/src/googleplex-android/main-rust-toolchain/out/package/lib/rustlib/manifest-clippy-preview"
$ umask 022 && mkdir -p "/C/buildbot/src/googleplex-android/main-rust-toolchain/out/package/bin"
install: copying file /C/buildbot/src/googleplex-android/main-rust-toolchain/out/package/bin/clippy-driver.exe
$ cp /C/buildbot/src/googleplex-android/main-rust-toolchain/out/rustc/build/tmp/tarball/clippy/x86_64-pc-windows-gnu/clippy-1.86.0-dev-x86_64-pc-windows-gnu/clippy-preview/bin/clippy-driver.exe /C/buildbot/src/googleplex-android/main-rust-toolchain/out/package/bin/clippy-driver.exe
$ chmod 755 /C/buildbot/src/googleplex-android/main-rust-toolchain/out/package/bin/clippy-driver.exe
$ echo "file:/C/buildbot/src/googleplex-android/main-rust-toolchain/out/package/bin/clippy-driver.exe" >> "/C/buildbot/src/googleplex-android/main-rust-toolchain/out/package/lib/rustlib/manifest-clippy-preview"
$ umask 022 && mkdir -p "/C/buildbot/src/googleplex-android/main-rust-toolchain/out/package/share/doc/clippy"
install: copying file /C/buildbot/src/googleplex-android/main-rust-toolchain/out/package/share/doc/clippy/LICENSE-APACHE
$ cp /C/buildbot/src/googleplex-android/main-rust-toolchain/out/rustc/build/tmp/tarball/clippy/x86_64-pc-windows-gnu/clippy-1.86.0-dev-x86_64-pc-windows-gnu/clippy-preview/share/doc/clippy/LICENSE-APACHE /C/buildbot/src/googleplex-android/main-rust-toolchain/out/package/share/doc/clippy/LICENSE-APACHE
$ chmod 644 /C/buildbot/src/googleplex-android/main-rust-toolchain/out/package/share/doc/clippy/LICENSE-APACHE
$ echo "file:/C/buildbot/src/googleplex-android/main-rust-toolchain/out/package/share/doc/clippy/LICENSE-APACHE" >> "/C/buildbot/src/googleplex-android/main-rust-toolchain/out/package/lib/rustlib/manifest-clippy-preview"
$ umask 022 && mkdir -p "/C/buildbot/src/googleplex-android/main-rust-toolchain/out/package/share/doc/clippy"
install: copying file /C/buildbot/src/googleplex-android/main-rust-toolchain/out/package/share/doc/clippy/LICENSE-MIT
$ cp /C/buildbot/src/googleplex-android/main-rust-toolchain/out/rustc/build/tmp/tarball/clippy/x86_64-pc-windows-gnu/clippy-1.86.0-dev-x86_64-pc-windows-gnu/clippy-preview/share/doc/clippy/LICENSE-MIT /C/buildbot/src/googleplex-android/main-rust-toolchain/out/package/share/doc/clippy/LICENSE-MIT
$ chmod 644 /C/buildbot/src/googleplex-android/main-rust-toolchain/out/package/share/doc/clippy/LICENSE-MIT
$ echo "file:/C/buildbot/src/googleplex-android/main-rust-toolchain/out/package/share/doc/clippy/LICENSE-MIT" >> "/C/buildbot/src/googleplex-android/main-rust-toolchain/out/package/lib/rustlib/manifest-clippy-preview"
$ umask 022 && mkdir -p "/C/buildbot/src/googleplex-android/main-rust-toolchain/out/package/share/doc/clippy"
install: copying file /C/buildbot/src/googleplex-android/main-rust-toolchain/out/package/share/doc/clippy/README.md
$ cp /C/buildbot/src/googleplex-android/main-rust-toolchain/out/rustc/build/tmp/tarball/clippy/x86_64-pc-windows-gnu/clippy-1.86.0-dev-x86_64-pc-windows-gnu/clippy-preview/share/doc/clippy/README.md /C/buildbot/src/googleplex-android/main-rust-toolchain/out/package/share/doc/clippy/README.md
$ chmod 644 /C/buildbot/src/googleplex-android/main-rust-toolchain/out/package/share/doc/clippy/README.md
$ echo "file:/C/buildbot/src/googleplex-android/main-rust-toolchain/out/package/share/doc/clippy/README.md" >> "/C/buildbot/src/googleplex-android/main-rust-toolchain/out/package/lib/rustlib/manifest-clippy-preview"
