$ umask 022 && mkdir -p "/mnt/disks/build-disk/src/googleplex-android/main-rust-toolchain/out/package/lib/rustlib"
$ echo "3" > "/mnt/disks/build-disk/src/googleplex-android/main-rust-toolchain/out/package/lib/rustlib/rust-installer-version"
install: creating uninstall script at /mnt/disks/build-disk/src/googleplex-android/main-rust-toolchain/out/package/lib/rustlib/uninstall.sh
$ cp /mnt/disks/build-disk/src/googleplex-android/main-rust-toolchain/out/rustc/build/tmp/tarball/llvm-tools/x86_64-unknown-linux-gnu/llvm-tools-1.89.0-dev-x86_64-unknown-linux-gnu/install.sh /mnt/disks/build-disk/src/googleplex-android/main-rust-toolchain/out/package/lib/rustlib/uninstall.sh
install: installing component 'llvm-tools-preview'
$ echo "llvm-tools-preview" >> "/mnt/disks/build-disk/src/googleplex-android/main-rust-toolchain/out/package/lib/rustlib/components"
$ umask 022 && mkdir -p "/mnt/disks/build-disk/src/googleplex-android/main-rust-toolchain/out/package/lib/rustlib/x86_64-unknown-linux-gnu/bin"
install: copying file /mnt/disks/build-disk/src/googleplex-android/main-rust-toolchain/out/package/lib/rustlib/x86_64-unknown-linux-gnu/bin/llc
$ cp /mnt/disks/build-disk/src/googleplex-android/main-rust-toolchain/out/rustc/build/tmp/tarball/llvm-tools/x86_64-unknown-linux-gnu/llvm-tools-1.89.0-dev-x86_64-unknown-linux-gnu/llvm-tools-preview/lib/rustlib/x86_64-unknown-linux-gnu/bin/llc /mnt/disks/build-disk/src/googleplex-android/main-rust-toolchain/out/package/lib/rustlib/x86_64-unknown-linux-gnu/bin/llc
$ chmod 755 /mnt/disks/build-disk/src/googleplex-android/main-rust-toolchain/out/package/lib/rustlib/x86_64-unknown-linux-gnu/bin/llc
$ echo "file:/mnt/disks/build-disk/src/googleplex-android/main-rust-toolchain/out/package/lib/rustlib/x86_64-unknown-linux-gnu/bin/llc" >> "/mnt/disks/build-disk/src/googleplex-android/main-rust-toolchain/out/package/lib/rustlib/manifest-llvm-tools-preview"
$ umask 022 && mkdir -p "/mnt/disks/build-disk/src/googleplex-android/main-rust-toolchain/out/package/lib/rustlib/x86_64-unknown-linux-gnu/bin"
install: copying file /mnt/disks/build-disk/src/googleplex-android/main-rust-toolchain/out/package/lib/rustlib/x86_64-unknown-linux-gnu/bin/llvm-ar
$ cp /mnt/disks/build-disk/src/googleplex-android/main-rust-toolchain/out/rustc/build/tmp/tarball/llvm-tools/x86_64-unknown-linux-gnu/llvm-tools-1.89.0-dev-x86_64-unknown-linux-gnu/llvm-tools-preview/lib/rustlib/x86_64-unknown-linux-gnu/bin/llvm-ar /mnt/disks/build-disk/src/googleplex-android/main-rust-toolchain/out/package/lib/rustlib/x86_64-unknown-linux-gnu/bin/llvm-ar
$ chmod 755 /mnt/disks/build-disk/src/googleplex-android/main-rust-toolchain/out/package/lib/rustlib/x86_64-unknown-linux-gnu/bin/llvm-ar
$ echo "file:/mnt/disks/build-disk/src/googleplex-android/main-rust-toolchain/out/package/lib/rustlib/x86_64-unknown-linux-gnu/bin/llvm-ar" >> "/mnt/disks/build-disk/src/googleplex-android/main-rust-toolchain/out/package/lib/rustlib/manifest-llvm-tools-preview"
$ umask 022 && mkdir -p "/mnt/disks/build-disk/src/googleplex-android/main-rust-toolchain/out/package/lib/rustlib/x86_64-unknown-linux-gnu/bin"
install: copying file /mnt/disks/build-disk/src/googleplex-android/main-rust-toolchain/out/package/lib/rustlib/x86_64-unknown-linux-gnu/bin/llvm-as
$ cp /mnt/disks/build-disk/src/googleplex-android/main-rust-toolchain/out/rustc/build/tmp/tarball/llvm-tools/x86_64-unknown-linux-gnu/llvm-tools-1.89.0-dev-x86_64-unknown-linux-gnu/llvm-tools-preview/lib/rustlib/x86_64-unknown-linux-gnu/bin/llvm-as /mnt/disks/build-disk/src/googleplex-android/main-rust-toolchain/out/package/lib/rustlib/x86_64-unknown-linux-gnu/bin/llvm-as
$ chmod 755 /mnt/disks/build-disk/src/googleplex-android/main-rust-toolchain/out/package/lib/rustlib/x86_64-unknown-linux-gnu/bin/llvm-as
$ echo "file:/mnt/disks/build-disk/src/googleplex-android/main-rust-toolchain/out/package/lib/rustlib/x86_64-unknown-linux-gnu/bin/llvm-as" >> "/mnt/disks/build-disk/src/googleplex-android/main-rust-toolchain/out/package/lib/rustlib/manifest-llvm-tools-preview"
$ umask 022 && mkdir -p "/mnt/disks/build-disk/src/googleplex-android/main-rust-toolchain/out/package/lib/rustlib/x86_64-unknown-linux-gnu/bin"
install: copying file /mnt/disks/build-disk/src/googleplex-android/main-rust-toolchain/out/package/lib/rustlib/x86_64-unknown-linux-gnu/bin/llvm-cov
$ cp /mnt/disks/build-disk/src/googleplex-android/main-rust-toolchain/out/rustc/build/tmp/tarball/llvm-tools/x86_64-unknown-linux-gnu/llvm-tools-1.89.0-dev-x86_64-unknown-linux-gnu/llvm-tools-preview/lib/rustlib/x86_64-unknown-linux-gnu/bin/llvm-cov /mnt/disks/build-disk/src/googleplex-android/main-rust-toolchain/out/package/lib/rustlib/x86_64-unknown-linux-gnu/bin/llvm-cov
$ chmod 755 /mnt/disks/build-disk/src/googleplex-android/main-rust-toolchain/out/package/lib/rustlib/x86_64-unknown-linux-gnu/bin/llvm-cov
$ echo "file:/mnt/disks/build-disk/src/googleplex-android/main-rust-toolchain/out/package/lib/rustlib/x86_64-unknown-linux-gnu/bin/llvm-cov" >> "/mnt/disks/build-disk/src/googleplex-android/main-rust-toolchain/out/package/lib/rustlib/manifest-llvm-tools-preview"
$ umask 022 && mkdir -p "/mnt/disks/build-disk/src/googleplex-android/main-rust-toolchain/out/package/lib/rustlib/x86_64-unknown-linux-gnu/bin"
install: copying file /mnt/disks/build-disk/src/googleplex-android/main-rust-toolchain/out/package/lib/rustlib/x86_64-unknown-linux-gnu/bin/llvm-dis
$ cp /mnt/disks/build-disk/src/googleplex-android/main-rust-toolchain/out/rustc/build/tmp/tarball/llvm-tools/x86_64-unknown-linux-gnu/llvm-tools-1.89.0-dev-x86_64-unknown-linux-gnu/llvm-tools-preview/lib/rustlib/x86_64-unknown-linux-gnu/bin/llvm-dis /mnt/disks/build-disk/src/googleplex-android/main-rust-toolchain/out/package/lib/rustlib/x86_64-unknown-linux-gnu/bin/llvm-dis
$ chmod 755 /mnt/disks/build-disk/src/googleplex-android/main-rust-toolchain/out/package/lib/rustlib/x86_64-unknown-linux-gnu/bin/llvm-dis
$ echo "file:/mnt/disks/build-disk/src/googleplex-android/main-rust-toolchain/out/package/lib/rustlib/x86_64-unknown-linux-gnu/bin/llvm-dis" >> "/mnt/disks/build-disk/src/googleplex-android/main-rust-toolchain/out/package/lib/rustlib/manifest-llvm-tools-preview"
$ umask 022 && mkdir -p "/mnt/disks/build-disk/src/googleplex-android/main-rust-toolchain/out/package/lib/rustlib/x86_64-unknown-linux-gnu/bin"
install: copying file /mnt/disks/build-disk/src/googleplex-android/main-rust-toolchain/out/package/lib/rustlib/x86_64-unknown-linux-gnu/bin/llvm-link
$ cp /mnt/disks/build-disk/src/googleplex-android/main-rust-toolchain/out/rustc/build/tmp/tarball/llvm-tools/x86_64-unknown-linux-gnu/llvm-tools-1.89.0-dev-x86_64-unknown-linux-gnu/llvm-tools-preview/lib/rustlib/x86_64-unknown-linux-gnu/bin/llvm-link /mnt/disks/build-disk/src/googleplex-android/main-rust-toolchain/out/package/lib/rustlib/x86_64-unknown-linux-gnu/bin/llvm-link
$ chmod 755 /mnt/disks/build-disk/src/googleplex-android/main-rust-toolchain/out/package/lib/rustlib/x86_64-unknown-linux-gnu/bin/llvm-link
$ echo "file:/mnt/disks/build-disk/src/googleplex-android/main-rust-toolchain/out/package/lib/rustlib/x86_64-unknown-linux-gnu/bin/llvm-link" >> "/mnt/disks/build-disk/src/googleplex-android/main-rust-toolchain/out/package/lib/rustlib/manifest-llvm-tools-preview"
$ umask 022 && mkdir -p "/mnt/disks/build-disk/src/googleplex-android/main-rust-toolchain/out/package/lib/rustlib/x86_64-unknown-linux-gnu/bin"
install: copying file /mnt/disks/build-disk/src/googleplex-android/main-rust-toolchain/out/package/lib/rustlib/x86_64-unknown-linux-gnu/bin/llvm-nm
$ cp /mnt/disks/build-disk/src/googleplex-android/main-rust-toolchain/out/rustc/build/tmp/tarball/llvm-tools/x86_64-unknown-linux-gnu/llvm-tools-1.89.0-dev-x86_64-unknown-linux-gnu/llvm-tools-preview/lib/rustlib/x86_64-unknown-linux-gnu/bin/llvm-nm /mnt/disks/build-disk/src/googleplex-android/main-rust-toolchain/out/package/lib/rustlib/x86_64-unknown-linux-gnu/bin/llvm-nm
$ chmod 755 /mnt/disks/build-disk/src/googleplex-android/main-rust-toolchain/out/package/lib/rustlib/x86_64-unknown-linux-gnu/bin/llvm-nm
$ echo "file:/mnt/disks/build-disk/src/googleplex-android/main-rust-toolchain/out/package/lib/rustlib/x86_64-unknown-linux-gnu/bin/llvm-nm" >> "/mnt/disks/build-disk/src/googleplex-android/main-rust-toolchain/out/package/lib/rustlib/manifest-llvm-tools-preview"
$ umask 022 && mkdir -p "/mnt/disks/build-disk/src/googleplex-android/main-rust-toolchain/out/package/lib/rustlib/x86_64-unknown-linux-gnu/bin"
install: copying file /mnt/disks/build-disk/src/googleplex-android/main-rust-toolchain/out/package/lib/rustlib/x86_64-unknown-linux-gnu/bin/llvm-objcopy
$ cp /mnt/disks/build-disk/src/googleplex-android/main-rust-toolchain/out/rustc/build/tmp/tarball/llvm-tools/x86_64-unknown-linux-gnu/llvm-tools-1.89.0-dev-x86_64-unknown-linux-gnu/llvm-tools-preview/lib/rustlib/x86_64-unknown-linux-gnu/bin/llvm-objcopy /mnt/disks/build-disk/src/googleplex-android/main-rust-toolchain/out/package/lib/rustlib/x86_64-unknown-linux-gnu/bin/llvm-objcopy
$ chmod 755 /mnt/disks/build-disk/src/googleplex-android/main-rust-toolchain/out/package/lib/rustlib/x86_64-unknown-linux-gnu/bin/llvm-objcopy
$ echo "file:/mnt/disks/build-disk/src/googleplex-android/main-rust-toolchain/out/package/lib/rustlib/x86_64-unknown-linux-gnu/bin/llvm-objcopy" >> "/mnt/disks/build-disk/src/googleplex-android/main-rust-toolchain/out/package/lib/rustlib/manifest-llvm-tools-preview"
$ umask 022 && mkdir -p "/mnt/disks/build-disk/src/googleplex-android/main-rust-toolchain/out/package/lib/rustlib/x86_64-unknown-linux-gnu/bin"
install: copying file /mnt/disks/build-disk/src/googleplex-android/main-rust-toolchain/out/package/lib/rustlib/x86_64-unknown-linux-gnu/bin/llvm-objdump
$ cp /mnt/disks/build-disk/src/googleplex-android/main-rust-toolchain/out/rustc/build/tmp/tarball/llvm-tools/x86_64-unknown-linux-gnu/llvm-tools-1.89.0-dev-x86_64-unknown-linux-gnu/llvm-tools-preview/lib/rustlib/x86_64-unknown-linux-gnu/bin/llvm-objdump /mnt/disks/build-disk/src/googleplex-android/main-rust-toolchain/out/package/lib/rustlib/x86_64-unknown-linux-gnu/bin/llvm-objdump
$ chmod 755 /mnt/disks/build-disk/src/googleplex-android/main-rust-toolchain/out/package/lib/rustlib/x86_64-unknown-linux-gnu/bin/llvm-objdump
$ echo "file:/mnt/disks/build-disk/src/googleplex-android/main-rust-toolchain/out/package/lib/rustlib/x86_64-unknown-linux-gnu/bin/llvm-objdump" >> "/mnt/disks/build-disk/src/googleplex-android/main-rust-toolchain/out/package/lib/rustlib/manifest-llvm-tools-preview"
$ umask 022 && mkdir -p "/mnt/disks/build-disk/src/googleplex-android/main-rust-toolchain/out/package/lib/rustlib/x86_64-unknown-linux-gnu/bin"
install: copying file /mnt/disks/build-disk/src/googleplex-android/main-rust-toolchain/out/package/lib/rustlib/x86_64-unknown-linux-gnu/bin/llvm-profdata
$ cp /mnt/disks/build-disk/src/googleplex-android/main-rust-toolchain/out/rustc/build/tmp/tarball/llvm-tools/x86_64-unknown-linux-gnu/llvm-tools-1.89.0-dev-x86_64-unknown-linux-gnu/llvm-tools-preview/lib/rustlib/x86_64-unknown-linux-gnu/bin/llvm-profdata /mnt/disks/build-disk/src/googleplex-android/main-rust-toolchain/out/package/lib/rustlib/x86_64-unknown-linux-gnu/bin/llvm-profdata
$ chmod 755 /mnt/disks/build-disk/src/googleplex-android/main-rust-toolchain/out/package/lib/rustlib/x86_64-unknown-linux-gnu/bin/llvm-profdata
$ echo "file:/mnt/disks/build-disk/src/googleplex-android/main-rust-toolchain/out/package/lib/rustlib/x86_64-unknown-linux-gnu/bin/llvm-profdata" >> "/mnt/disks/build-disk/src/googleplex-android/main-rust-toolchain/out/package/lib/rustlib/manifest-llvm-tools-preview"
$ umask 022 && mkdir -p "/mnt/disks/build-disk/src/googleplex-android/main-rust-toolchain/out/package/lib/rustlib/x86_64-unknown-linux-gnu/bin"
install: copying file /mnt/disks/build-disk/src/googleplex-android/main-rust-toolchain/out/package/lib/rustlib/x86_64-unknown-linux-gnu/bin/llvm-readobj
$ cp /mnt/disks/build-disk/src/googleplex-android/main-rust-toolchain/out/rustc/build/tmp/tarball/llvm-tools/x86_64-unknown-linux-gnu/llvm-tools-1.89.0-dev-x86_64-unknown-linux-gnu/llvm-tools-preview/lib/rustlib/x86_64-unknown-linux-gnu/bin/llvm-readobj /mnt/disks/build-disk/src/googleplex-android/main-rust-toolchain/out/package/lib/rustlib/x86_64-unknown-linux-gnu/bin/llvm-readobj
$ chmod 755 /mnt/disks/build-disk/src/googleplex-android/main-rust-toolchain/out/package/lib/rustlib/x86_64-unknown-linux-gnu/bin/llvm-readobj
$ echo "file:/mnt/disks/build-disk/src/googleplex-android/main-rust-toolchain/out/package/lib/rustlib/x86_64-unknown-linux-gnu/bin/llvm-readobj" >> "/mnt/disks/build-disk/src/googleplex-android/main-rust-toolchain/out/package/lib/rustlib/manifest-llvm-tools-preview"
$ umask 022 && mkdir -p "/mnt/disks/build-disk/src/googleplex-android/main-rust-toolchain/out/package/lib/rustlib/x86_64-unknown-linux-gnu/bin"
install: copying file /mnt/disks/build-disk/src/googleplex-android/main-rust-toolchain/out/package/lib/rustlib/x86_64-unknown-linux-gnu/bin/llvm-size
$ cp /mnt/disks/build-disk/src/googleplex-android/main-rust-toolchain/out/rustc/build/tmp/tarball/llvm-tools/x86_64-unknown-linux-gnu/llvm-tools-1.89.0-dev-x86_64-unknown-linux-gnu/llvm-tools-preview/lib/rustlib/x86_64-unknown-linux-gnu/bin/llvm-size /mnt/disks/build-disk/src/googleplex-android/main-rust-toolchain/out/package/lib/rustlib/x86_64-unknown-linux-gnu/bin/llvm-size
$ chmod 755 /mnt/disks/build-disk/src/googleplex-android/main-rust-toolchain/out/package/lib/rustlib/x86_64-unknown-linux-gnu/bin/llvm-size
$ echo "file:/mnt/disks/build-disk/src/googleplex-android/main-rust-toolchain/out/package/lib/rustlib/x86_64-unknown-linux-gnu/bin/llvm-size" >> "/mnt/disks/build-disk/src/googleplex-android/main-rust-toolchain/out/package/lib/rustlib/manifest-llvm-tools-preview"
$ umask 022 && mkdir -p "/mnt/disks/build-disk/src/googleplex-android/main-rust-toolchain/out/package/lib/rustlib/x86_64-unknown-linux-gnu/bin"
install: copying file /mnt/disks/build-disk/src/googleplex-android/main-rust-toolchain/out/package/lib/rustlib/x86_64-unknown-linux-gnu/bin/llvm-strip
$ cp /mnt/disks/build-disk/src/googleplex-android/main-rust-toolchain/out/rustc/build/tmp/tarball/llvm-tools/x86_64-unknown-linux-gnu/llvm-tools-1.89.0-dev-x86_64-unknown-linux-gnu/llvm-tools-preview/lib/rustlib/x86_64-unknown-linux-gnu/bin/llvm-strip /mnt/disks/build-disk/src/googleplex-android/main-rust-toolchain/out/package/lib/rustlib/x86_64-unknown-linux-gnu/bin/llvm-strip
$ chmod 755 /mnt/disks/build-disk/src/googleplex-android/main-rust-toolchain/out/package/lib/rustlib/x86_64-unknown-linux-gnu/bin/llvm-strip
$ echo "file:/mnt/disks/build-disk/src/googleplex-android/main-rust-toolchain/out/package/lib/rustlib/x86_64-unknown-linux-gnu/bin/llvm-strip" >> "/mnt/disks/build-disk/src/googleplex-android/main-rust-toolchain/out/package/lib/rustlib/manifest-llvm-tools-preview"
$ umask 022 && mkdir -p "/mnt/disks/build-disk/src/googleplex-android/main-rust-toolchain/out/package/lib/rustlib/x86_64-unknown-linux-gnu/bin"
install: copying file /mnt/disks/build-disk/src/googleplex-android/main-rust-toolchain/out/package/lib/rustlib/x86_64-unknown-linux-gnu/bin/opt
$ cp /mnt/disks/build-disk/src/googleplex-android/main-rust-toolchain/out/rustc/build/tmp/tarball/llvm-tools/x86_64-unknown-linux-gnu/llvm-tools-1.89.0-dev-x86_64-unknown-linux-gnu/llvm-tools-preview/lib/rustlib/x86_64-unknown-linux-gnu/bin/opt /mnt/disks/build-disk/src/googleplex-android/main-rust-toolchain/out/package/lib/rustlib/x86_64-unknown-linux-gnu/bin/opt
$ chmod 755 /mnt/disks/build-disk/src/googleplex-android/main-rust-toolchain/out/package/lib/rustlib/x86_64-unknown-linux-gnu/bin/opt
$ echo "file:/mnt/disks/build-disk/src/googleplex-android/main-rust-toolchain/out/package/lib/rustlib/x86_64-unknown-linux-gnu/bin/opt" >> "/mnt/disks/build-disk/src/googleplex-android/main-rust-toolchain/out/package/lib/rustlib/manifest-llvm-tools-preview"
$ umask 022 && mkdir -p "/mnt/disks/build-disk/src/googleplex-android/main-rust-toolchain/out/package/lib/rustlib/x86_64-unknown-linux-gnu/lib"
install: copying file /mnt/disks/build-disk/src/googleplex-android/main-rust-toolchain/out/package/lib/rustlib/x86_64-unknown-linux-gnu/lib/libLLVM-20.so
$ cp /mnt/disks/build-disk/src/googleplex-android/main-rust-toolchain/out/rustc/build/tmp/tarball/llvm-tools/x86_64-unknown-linux-gnu/llvm-tools-1.89.0-dev-x86_64-unknown-linux-gnu/llvm-tools-preview/lib/rustlib/x86_64-unknown-linux-gnu/lib/libLLVM-20.so /mnt/disks/build-disk/src/googleplex-android/main-rust-toolchain/out/package/lib/rustlib/x86_64-unknown-linux-gnu/lib/libLLVM-20.so
$ chmod 644 /mnt/disks/build-disk/src/googleplex-android/main-rust-toolchain/out/package/lib/rustlib/x86_64-unknown-linux-gnu/lib/libLLVM-20.so
$ echo "file:/mnt/disks/build-disk/src/googleplex-android/main-rust-toolchain/out/package/lib/rustlib/x86_64-unknown-linux-gnu/lib/libLLVM-20.so" >> "/mnt/disks/build-disk/src/googleplex-android/main-rust-toolchain/out/package/lib/rustlib/manifest-llvm-tools-preview"
$ umask 022 && mkdir -p "/mnt/disks/build-disk/src/googleplex-android/main-rust-toolchain/out/package/lib/rustlib/x86_64-unknown-linux-gnu/lib"
install: copying file /mnt/disks/build-disk/src/googleplex-android/main-rust-toolchain/out/package/lib/rustlib/x86_64-unknown-linux-gnu/lib/libLLVM.so.20.1
$ cp /mnt/disks/build-disk/src/googleplex-android/main-rust-toolchain/out/rustc/build/tmp/tarball/llvm-tools/x86_64-unknown-linux-gnu/llvm-tools-1.89.0-dev-x86_64-unknown-linux-gnu/llvm-tools-preview/lib/rustlib/x86_64-unknown-linux-gnu/lib/libLLVM.so.20.1 /mnt/disks/build-disk/src/googleplex-android/main-rust-toolchain/out/package/lib/rustlib/x86_64-unknown-linux-gnu/lib/libLLVM.so.20.1
$ chmod 644 /mnt/disks/build-disk/src/googleplex-android/main-rust-toolchain/out/package/lib/rustlib/x86_64-unknown-linux-gnu/lib/libLLVM.so.20.1
$ echo "file:/mnt/disks/build-disk/src/googleplex-android/main-rust-toolchain/out/package/lib/rustlib/x86_64-unknown-linux-gnu/lib/libLLVM.so.20.1" >> "/mnt/disks/build-disk/src/googleplex-android/main-rust-toolchain/out/package/lib/rustlib/manifest-llvm-tools-preview"
