$ umask 022 && mkdir -p "/Volumes/Android/buildbot/src/googleplex-android/main-rust-toolchain/out/package/lib/rustlib"
$ echo "3" > "/Volumes/Android/buildbot/src/googleplex-android/main-rust-toolchain/out/package/lib/rustlib/rust-installer-version"
install: creating uninstall script at /Volumes/Android/buildbot/src/googleplex-android/main-rust-toolchain/out/package/lib/rustlib/uninstall.sh
$ cp /Volumes/Android/buildbot/src/googleplex-android/main-rust-toolchain/out/rustc/build/tmp/tarball/llvm-tools/x86_64-apple-darwin/llvm-tools-1.89.0-dev-x86_64-apple-darwin/install.sh /Volumes/Android/buildbot/src/googleplex-android/main-rust-toolchain/out/package/lib/rustlib/uninstall.sh
install: installing component 'llvm-tools-preview'
$ echo "llvm-tools-preview" >> "/Volumes/Android/buildbot/src/googleplex-android/main-rust-toolchain/out/package/lib/rustlib/components"
$ umask 022 && mkdir -p "/Volumes/Android/buildbot/src/googleplex-android/main-rust-toolchain/out/package/lib/rustlib/x86_64-apple-darwin/bin"
install: copying file /Volumes/Android/buildbot/src/googleplex-android/main-rust-toolchain/out/package/lib/rustlib/x86_64-apple-darwin/bin/llc
$ cp /Volumes/Android/buildbot/src/googleplex-android/main-rust-toolchain/out/rustc/build/tmp/tarball/llvm-tools/x86_64-apple-darwin/llvm-tools-1.89.0-dev-x86_64-apple-darwin/llvm-tools-preview/lib/rustlib/x86_64-apple-darwin/bin/llc /Volumes/Android/buildbot/src/googleplex-android/main-rust-toolchain/out/package/lib/rustlib/x86_64-apple-darwin/bin/llc
$ chmod 755 /Volumes/Android/buildbot/src/googleplex-android/main-rust-toolchain/out/package/lib/rustlib/x86_64-apple-darwin/bin/llc
$ echo "file:/Volumes/Android/buildbot/src/googleplex-android/main-rust-toolchain/out/package/lib/rustlib/x86_64-apple-darwin/bin/llc" >> "/Volumes/Android/buildbot/src/googleplex-android/main-rust-toolchain/out/package/lib/rustlib/manifest-llvm-tools-preview"
$ umask 022 && mkdir -p "/Volumes/Android/buildbot/src/googleplex-android/main-rust-toolchain/out/package/lib/rustlib/x86_64-apple-darwin/bin"
install: copying file /Volumes/Android/buildbot/src/googleplex-android/main-rust-toolchain/out/package/lib/rustlib/x86_64-apple-darwin/bin/llvm-ar
$ cp /Volumes/Android/buildbot/src/googleplex-android/main-rust-toolchain/out/rustc/build/tmp/tarball/llvm-tools/x86_64-apple-darwin/llvm-tools-1.89.0-dev-x86_64-apple-darwin/llvm-tools-preview/lib/rustlib/x86_64-apple-darwin/bin/llvm-ar /Volumes/Android/buildbot/src/googleplex-android/main-rust-toolchain/out/package/lib/rustlib/x86_64-apple-darwin/bin/llvm-ar
$ chmod 755 /Volumes/Android/buildbot/src/googleplex-android/main-rust-toolchain/out/package/lib/rustlib/x86_64-apple-darwin/bin/llvm-ar
$ echo "file:/Volumes/Android/buildbot/src/googleplex-android/main-rust-toolchain/out/package/lib/rustlib/x86_64-apple-darwin/bin/llvm-ar" >> "/Volumes/Android/buildbot/src/googleplex-android/main-rust-toolchain/out/package/lib/rustlib/manifest-llvm-tools-preview"
$ umask 022 && mkdir -p "/Volumes/Android/buildbot/src/googleplex-android/main-rust-toolchain/out/package/lib/rustlib/x86_64-apple-darwin/bin"
install: copying file /Volumes/Android/buildbot/src/googleplex-android/main-rust-toolchain/out/package/lib/rustlib/x86_64-apple-darwin/bin/llvm-as
$ cp /Volumes/Android/buildbot/src/googleplex-android/main-rust-toolchain/out/rustc/build/tmp/tarball/llvm-tools/x86_64-apple-darwin/llvm-tools-1.89.0-dev-x86_64-apple-darwin/llvm-tools-preview/lib/rustlib/x86_64-apple-darwin/bin/llvm-as /Volumes/Android/buildbot/src/googleplex-android/main-rust-toolchain/out/package/lib/rustlib/x86_64-apple-darwin/bin/llvm-as
$ chmod 755 /Volumes/Android/buildbot/src/googleplex-android/main-rust-toolchain/out/package/lib/rustlib/x86_64-apple-darwin/bin/llvm-as
$ echo "file:/Volumes/Android/buildbot/src/googleplex-android/main-rust-toolchain/out/package/lib/rustlib/x86_64-apple-darwin/bin/llvm-as" >> "/Volumes/Android/buildbot/src/googleplex-android/main-rust-toolchain/out/package/lib/rustlib/manifest-llvm-tools-preview"
$ umask 022 && mkdir -p "/Volumes/Android/buildbot/src/googleplex-android/main-rust-toolchain/out/package/lib/rustlib/x86_64-apple-darwin/bin"
install: copying file /Volumes/Android/buildbot/src/googleplex-android/main-rust-toolchain/out/package/lib/rustlib/x86_64-apple-darwin/bin/llvm-cov
$ cp /Volumes/Android/buildbot/src/googleplex-android/main-rust-toolchain/out/rustc/build/tmp/tarball/llvm-tools/x86_64-apple-darwin/llvm-tools-1.89.0-dev-x86_64-apple-darwin/llvm-tools-preview/lib/rustlib/x86_64-apple-darwin/bin/llvm-cov /Volumes/Android/buildbot/src/googleplex-android/main-rust-toolchain/out/package/lib/rustlib/x86_64-apple-darwin/bin/llvm-cov
$ chmod 755 /Volumes/Android/buildbot/src/googleplex-android/main-rust-toolchain/out/package/lib/rustlib/x86_64-apple-darwin/bin/llvm-cov
$ echo "file:/Volumes/Android/buildbot/src/googleplex-android/main-rust-toolchain/out/package/lib/rustlib/x86_64-apple-darwin/bin/llvm-cov" >> "/Volumes/Android/buildbot/src/googleplex-android/main-rust-toolchain/out/package/lib/rustlib/manifest-llvm-tools-preview"
$ umask 022 && mkdir -p "/Volumes/Android/buildbot/src/googleplex-android/main-rust-toolchain/out/package/lib/rustlib/x86_64-apple-darwin/bin"
install: copying file /Volumes/Android/buildbot/src/googleplex-android/main-rust-toolchain/out/package/lib/rustlib/x86_64-apple-darwin/bin/llvm-dis
$ cp /Volumes/Android/buildbot/src/googleplex-android/main-rust-toolchain/out/rustc/build/tmp/tarball/llvm-tools/x86_64-apple-darwin/llvm-tools-1.89.0-dev-x86_64-apple-darwin/llvm-tools-preview/lib/rustlib/x86_64-apple-darwin/bin/llvm-dis /Volumes/Android/buildbot/src/googleplex-android/main-rust-toolchain/out/package/lib/rustlib/x86_64-apple-darwin/bin/llvm-dis
$ chmod 755 /Volumes/Android/buildbot/src/googleplex-android/main-rust-toolchain/out/package/lib/rustlib/x86_64-apple-darwin/bin/llvm-dis
$ echo "file:/Volumes/Android/buildbot/src/googleplex-android/main-rust-toolchain/out/package/lib/rustlib/x86_64-apple-darwin/bin/llvm-dis" >> "/Volumes/Android/buildbot/src/googleplex-android/main-rust-toolchain/out/package/lib/rustlib/manifest-llvm-tools-preview"
$ umask 022 && mkdir -p "/Volumes/Android/buildbot/src/googleplex-android/main-rust-toolchain/out/package/lib/rustlib/x86_64-apple-darwin/bin"
install: copying file /Volumes/Android/buildbot/src/googleplex-android/main-rust-toolchain/out/package/lib/rustlib/x86_64-apple-darwin/bin/llvm-link
$ cp /Volumes/Android/buildbot/src/googleplex-android/main-rust-toolchain/out/rustc/build/tmp/tarball/llvm-tools/x86_64-apple-darwin/llvm-tools-1.89.0-dev-x86_64-apple-darwin/llvm-tools-preview/lib/rustlib/x86_64-apple-darwin/bin/llvm-link /Volumes/Android/buildbot/src/googleplex-android/main-rust-toolchain/out/package/lib/rustlib/x86_64-apple-darwin/bin/llvm-link
$ chmod 755 /Volumes/Android/buildbot/src/googleplex-android/main-rust-toolchain/out/package/lib/rustlib/x86_64-apple-darwin/bin/llvm-link
$ echo "file:/Volumes/Android/buildbot/src/googleplex-android/main-rust-toolchain/out/package/lib/rustlib/x86_64-apple-darwin/bin/llvm-link" >> "/Volumes/Android/buildbot/src/googleplex-android/main-rust-toolchain/out/package/lib/rustlib/manifest-llvm-tools-preview"
$ umask 022 && mkdir -p "/Volumes/Android/buildbot/src/googleplex-android/main-rust-toolchain/out/package/lib/rustlib/x86_64-apple-darwin/bin"
install: copying file /Volumes/Android/buildbot/src/googleplex-android/main-rust-toolchain/out/package/lib/rustlib/x86_64-apple-darwin/bin/llvm-nm
$ cp /Volumes/Android/buildbot/src/googleplex-android/main-rust-toolchain/out/rustc/build/tmp/tarball/llvm-tools/x86_64-apple-darwin/llvm-tools-1.89.0-dev-x86_64-apple-darwin/llvm-tools-preview/lib/rustlib/x86_64-apple-darwin/bin/llvm-nm /Volumes/Android/buildbot/src/googleplex-android/main-rust-toolchain/out/package/lib/rustlib/x86_64-apple-darwin/bin/llvm-nm
$ chmod 755 /Volumes/Android/buildbot/src/googleplex-android/main-rust-toolchain/out/package/lib/rustlib/x86_64-apple-darwin/bin/llvm-nm
$ echo "file:/Volumes/Android/buildbot/src/googleplex-android/main-rust-toolchain/out/package/lib/rustlib/x86_64-apple-darwin/bin/llvm-nm" >> "/Volumes/Android/buildbot/src/googleplex-android/main-rust-toolchain/out/package/lib/rustlib/manifest-llvm-tools-preview"
$ umask 022 && mkdir -p "/Volumes/Android/buildbot/src/googleplex-android/main-rust-toolchain/out/package/lib/rustlib/x86_64-apple-darwin/bin"
install: copying file /Volumes/Android/buildbot/src/googleplex-android/main-rust-toolchain/out/package/lib/rustlib/x86_64-apple-darwin/bin/llvm-objcopy
$ cp /Volumes/Android/buildbot/src/googleplex-android/main-rust-toolchain/out/rustc/build/tmp/tarball/llvm-tools/x86_64-apple-darwin/llvm-tools-1.89.0-dev-x86_64-apple-darwin/llvm-tools-preview/lib/rustlib/x86_64-apple-darwin/bin/llvm-objcopy /Volumes/Android/buildbot/src/googleplex-android/main-rust-toolchain/out/package/lib/rustlib/x86_64-apple-darwin/bin/llvm-objcopy
$ chmod 755 /Volumes/Android/buildbot/src/googleplex-android/main-rust-toolchain/out/package/lib/rustlib/x86_64-apple-darwin/bin/llvm-objcopy
$ echo "file:/Volumes/Android/buildbot/src/googleplex-android/main-rust-toolchain/out/package/lib/rustlib/x86_64-apple-darwin/bin/llvm-objcopy" >> "/Volumes/Android/buildbot/src/googleplex-android/main-rust-toolchain/out/package/lib/rustlib/manifest-llvm-tools-preview"
$ umask 022 && mkdir -p "/Volumes/Android/buildbot/src/googleplex-android/main-rust-toolchain/out/package/lib/rustlib/x86_64-apple-darwin/bin"
install: copying file /Volumes/Android/buildbot/src/googleplex-android/main-rust-toolchain/out/package/lib/rustlib/x86_64-apple-darwin/bin/llvm-objdump
$ cp /Volumes/Android/buildbot/src/googleplex-android/main-rust-toolchain/out/rustc/build/tmp/tarball/llvm-tools/x86_64-apple-darwin/llvm-tools-1.89.0-dev-x86_64-apple-darwin/llvm-tools-preview/lib/rustlib/x86_64-apple-darwin/bin/llvm-objdump /Volumes/Android/buildbot/src/googleplex-android/main-rust-toolchain/out/package/lib/rustlib/x86_64-apple-darwin/bin/llvm-objdump
$ chmod 755 /Volumes/Android/buildbot/src/googleplex-android/main-rust-toolchain/out/package/lib/rustlib/x86_64-apple-darwin/bin/llvm-objdump
$ echo "file:/Volumes/Android/buildbot/src/googleplex-android/main-rust-toolchain/out/package/lib/rustlib/x86_64-apple-darwin/bin/llvm-objdump" >> "/Volumes/Android/buildbot/src/googleplex-android/main-rust-toolchain/out/package/lib/rustlib/manifest-llvm-tools-preview"
$ umask 022 && mkdir -p "/Volumes/Android/buildbot/src/googleplex-android/main-rust-toolchain/out/package/lib/rustlib/x86_64-apple-darwin/bin"
install: copying file /Volumes/Android/buildbot/src/googleplex-android/main-rust-toolchain/out/package/lib/rustlib/x86_64-apple-darwin/bin/llvm-profdata
$ cp /Volumes/Android/buildbot/src/googleplex-android/main-rust-toolchain/out/rustc/build/tmp/tarball/llvm-tools/x86_64-apple-darwin/llvm-tools-1.89.0-dev-x86_64-apple-darwin/llvm-tools-preview/lib/rustlib/x86_64-apple-darwin/bin/llvm-profdata /Volumes/Android/buildbot/src/googleplex-android/main-rust-toolchain/out/package/lib/rustlib/x86_64-apple-darwin/bin/llvm-profdata
$ chmod 755 /Volumes/Android/buildbot/src/googleplex-android/main-rust-toolchain/out/package/lib/rustlib/x86_64-apple-darwin/bin/llvm-profdata
$ echo "file:/Volumes/Android/buildbot/src/googleplex-android/main-rust-toolchain/out/package/lib/rustlib/x86_64-apple-darwin/bin/llvm-profdata" >> "/Volumes/Android/buildbot/src/googleplex-android/main-rust-toolchain/out/package/lib/rustlib/manifest-llvm-tools-preview"
$ umask 022 && mkdir -p "/Volumes/Android/buildbot/src/googleplex-android/main-rust-toolchain/out/package/lib/rustlib/x86_64-apple-darwin/bin"
install: copying file /Volumes/Android/buildbot/src/googleplex-android/main-rust-toolchain/out/package/lib/rustlib/x86_64-apple-darwin/bin/llvm-readobj
$ cp /Volumes/Android/buildbot/src/googleplex-android/main-rust-toolchain/out/rustc/build/tmp/tarball/llvm-tools/x86_64-apple-darwin/llvm-tools-1.89.0-dev-x86_64-apple-darwin/llvm-tools-preview/lib/rustlib/x86_64-apple-darwin/bin/llvm-readobj /Volumes/Android/buildbot/src/googleplex-android/main-rust-toolchain/out/package/lib/rustlib/x86_64-apple-darwin/bin/llvm-readobj
$ chmod 755 /Volumes/Android/buildbot/src/googleplex-android/main-rust-toolchain/out/package/lib/rustlib/x86_64-apple-darwin/bin/llvm-readobj
$ echo "file:/Volumes/Android/buildbot/src/googleplex-android/main-rust-toolchain/out/package/lib/rustlib/x86_64-apple-darwin/bin/llvm-readobj" >> "/Volumes/Android/buildbot/src/googleplex-android/main-rust-toolchain/out/package/lib/rustlib/manifest-llvm-tools-preview"
$ umask 022 && mkdir -p "/Volumes/Android/buildbot/src/googleplex-android/main-rust-toolchain/out/package/lib/rustlib/x86_64-apple-darwin/bin"
install: copying file /Volumes/Android/buildbot/src/googleplex-android/main-rust-toolchain/out/package/lib/rustlib/x86_64-apple-darwin/bin/llvm-size
$ cp /Volumes/Android/buildbot/src/googleplex-android/main-rust-toolchain/out/rustc/build/tmp/tarball/llvm-tools/x86_64-apple-darwin/llvm-tools-1.89.0-dev-x86_64-apple-darwin/llvm-tools-preview/lib/rustlib/x86_64-apple-darwin/bin/llvm-size /Volumes/Android/buildbot/src/googleplex-android/main-rust-toolchain/out/package/lib/rustlib/x86_64-apple-darwin/bin/llvm-size
$ chmod 755 /Volumes/Android/buildbot/src/googleplex-android/main-rust-toolchain/out/package/lib/rustlib/x86_64-apple-darwin/bin/llvm-size
$ echo "file:/Volumes/Android/buildbot/src/googleplex-android/main-rust-toolchain/out/package/lib/rustlib/x86_64-apple-darwin/bin/llvm-size" >> "/Volumes/Android/buildbot/src/googleplex-android/main-rust-toolchain/out/package/lib/rustlib/manifest-llvm-tools-preview"
$ umask 022 && mkdir -p "/Volumes/Android/buildbot/src/googleplex-android/main-rust-toolchain/out/package/lib/rustlib/x86_64-apple-darwin/bin"
install: copying file /Volumes/Android/buildbot/src/googleplex-android/main-rust-toolchain/out/package/lib/rustlib/x86_64-apple-darwin/bin/llvm-strip
$ cp /Volumes/Android/buildbot/src/googleplex-android/main-rust-toolchain/out/rustc/build/tmp/tarball/llvm-tools/x86_64-apple-darwin/llvm-tools-1.89.0-dev-x86_64-apple-darwin/llvm-tools-preview/lib/rustlib/x86_64-apple-darwin/bin/llvm-strip /Volumes/Android/buildbot/src/googleplex-android/main-rust-toolchain/out/package/lib/rustlib/x86_64-apple-darwin/bin/llvm-strip
$ chmod 755 /Volumes/Android/buildbot/src/googleplex-android/main-rust-toolchain/out/package/lib/rustlib/x86_64-apple-darwin/bin/llvm-strip
$ echo "file:/Volumes/Android/buildbot/src/googleplex-android/main-rust-toolchain/out/package/lib/rustlib/x86_64-apple-darwin/bin/llvm-strip" >> "/Volumes/Android/buildbot/src/googleplex-android/main-rust-toolchain/out/package/lib/rustlib/manifest-llvm-tools-preview"
$ umask 022 && mkdir -p "/Volumes/Android/buildbot/src/googleplex-android/main-rust-toolchain/out/package/lib/rustlib/x86_64-apple-darwin/bin"
install: copying file /Volumes/Android/buildbot/src/googleplex-android/main-rust-toolchain/out/package/lib/rustlib/x86_64-apple-darwin/bin/opt
$ cp /Volumes/Android/buildbot/src/googleplex-android/main-rust-toolchain/out/rustc/build/tmp/tarball/llvm-tools/x86_64-apple-darwin/llvm-tools-1.89.0-dev-x86_64-apple-darwin/llvm-tools-preview/lib/rustlib/x86_64-apple-darwin/bin/opt /Volumes/Android/buildbot/src/googleplex-android/main-rust-toolchain/out/package/lib/rustlib/x86_64-apple-darwin/bin/opt
$ chmod 755 /Volumes/Android/buildbot/src/googleplex-android/main-rust-toolchain/out/package/lib/rustlib/x86_64-apple-darwin/bin/opt
$ echo "file:/Volumes/Android/buildbot/src/googleplex-android/main-rust-toolchain/out/package/lib/rustlib/x86_64-apple-darwin/bin/opt" >> "/Volumes/Android/buildbot/src/googleplex-android/main-rust-toolchain/out/package/lib/rustlib/manifest-llvm-tools-preview"
$ umask 022 && mkdir -p "/Volumes/Android/buildbot/src/googleplex-android/main-rust-toolchain/out/package/lib/rustlib/x86_64-apple-darwin/lib"
install: copying file /Volumes/Android/buildbot/src/googleplex-android/main-rust-toolchain/out/package/lib/rustlib/x86_64-apple-darwin/lib/libLLVM.dylib
$ cp /Volumes/Android/buildbot/src/googleplex-android/main-rust-toolchain/out/rustc/build/tmp/tarball/llvm-tools/x86_64-apple-darwin/llvm-tools-1.89.0-dev-x86_64-apple-darwin/llvm-tools-preview/lib/rustlib/x86_64-apple-darwin/lib/libLLVM.dylib /Volumes/Android/buildbot/src/googleplex-android/main-rust-toolchain/out/package/lib/rustlib/x86_64-apple-darwin/lib/libLLVM.dylib
$ chmod 644 /Volumes/Android/buildbot/src/googleplex-android/main-rust-toolchain/out/package/lib/rustlib/x86_64-apple-darwin/lib/libLLVM.dylib
$ echo "file:/Volumes/Android/buildbot/src/googleplex-android/main-rust-toolchain/out/package/lib/rustlib/x86_64-apple-darwin/lib/libLLVM.dylib" >> "/Volumes/Android/buildbot/src/googleplex-android/main-rust-toolchain/out/package/lib/rustlib/manifest-llvm-tools-preview"
