$ umask 022 && mkdir -p "/mnt/disks/build-disk/src/android/rust-toolchain/out/package/lib/rustlib"
$ echo "3" > "/mnt/disks/build-disk/src/android/rust-toolchain/out/package/lib/rustlib/rust-installer-version"
install: creating uninstall script at /mnt/disks/build-disk/src/android/rust-toolchain/out/package/lib/rustlib/uninstall.sh
$ cp /mnt/disks/build-disk/src/android/rust-toolchain/out/rustc/build/tmp/tarball/rustc/x86_64-unknown-linux-musl/rustc-1.77.1-dev-x86_64-unknown-linux-musl/install.sh /mnt/disks/build-disk/src/android/rust-toolchain/out/package/lib/rustlib/uninstall.sh
install: installing component 'rustc'
$ echo "rustc" >> "/mnt/disks/build-disk/src/android/rust-toolchain/out/package/lib/rustlib/components"
$ umask 022 && mkdir -p "/mnt/disks/build-disk/src/android/rust-toolchain/out/package/bin"
install: copying file /mnt/disks/build-disk/src/android/rust-toolchain/out/package/bin/rust-gdb
$ cp /mnt/disks/build-disk/src/android/rust-toolchain/out/rustc/build/tmp/tarball/rustc/x86_64-unknown-linux-musl/rustc-1.77.1-dev-x86_64-unknown-linux-musl/rustc/bin/rust-gdb /mnt/disks/build-disk/src/android/rust-toolchain/out/package/bin/rust-gdb
$ chmod 755 /mnt/disks/build-disk/src/android/rust-toolchain/out/package/bin/rust-gdb
$ echo "file:/mnt/disks/build-disk/src/android/rust-toolchain/out/package/bin/rust-gdb" >> "/mnt/disks/build-disk/src/android/rust-toolchain/out/package/lib/rustlib/manifest-rustc"
$ umask 022 && mkdir -p "/mnt/disks/build-disk/src/android/rust-toolchain/out/package/bin"
install: copying file /mnt/disks/build-disk/src/android/rust-toolchain/out/package/bin/rust-gdbgui
$ cp /mnt/disks/build-disk/src/android/rust-toolchain/out/rustc/build/tmp/tarball/rustc/x86_64-unknown-linux-musl/rustc-1.77.1-dev-x86_64-unknown-linux-musl/rustc/bin/rust-gdbgui /mnt/disks/build-disk/src/android/rust-toolchain/out/package/bin/rust-gdbgui
$ chmod 755 /mnt/disks/build-disk/src/android/rust-toolchain/out/package/bin/rust-gdbgui
$ echo "file:/mnt/disks/build-disk/src/android/rust-toolchain/out/package/bin/rust-gdbgui" >> "/mnt/disks/build-disk/src/android/rust-toolchain/out/package/lib/rustlib/manifest-rustc"
$ umask 022 && mkdir -p "/mnt/disks/build-disk/src/android/rust-toolchain/out/package/bin"
install: copying file /mnt/disks/build-disk/src/android/rust-toolchain/out/package/bin/rust-lldb
$ cp /mnt/disks/build-disk/src/android/rust-toolchain/out/rustc/build/tmp/tarball/rustc/x86_64-unknown-linux-musl/rustc-1.77.1-dev-x86_64-unknown-linux-musl/rustc/bin/rust-lldb /mnt/disks/build-disk/src/android/rust-toolchain/out/package/bin/rust-lldb
$ chmod 755 /mnt/disks/build-disk/src/android/rust-toolchain/out/package/bin/rust-lldb
$ echo "file:/mnt/disks/build-disk/src/android/rust-toolchain/out/package/bin/rust-lldb" >> "/mnt/disks/build-disk/src/android/rust-toolchain/out/package/lib/rustlib/manifest-rustc"
$ umask 022 && mkdir -p "/mnt/disks/build-disk/src/android/rust-toolchain/out/package/bin"
install: copying file /mnt/disks/build-disk/src/android/rust-toolchain/out/package/bin/rustc
$ cp /mnt/disks/build-disk/src/android/rust-toolchain/out/rustc/build/tmp/tarball/rustc/x86_64-unknown-linux-musl/rustc-1.77.1-dev-x86_64-unknown-linux-musl/rustc/bin/rustc /mnt/disks/build-disk/src/android/rust-toolchain/out/package/bin/rustc
$ chmod 755 /mnt/disks/build-disk/src/android/rust-toolchain/out/package/bin/rustc
$ echo "file:/mnt/disks/build-disk/src/android/rust-toolchain/out/package/bin/rustc" >> "/mnt/disks/build-disk/src/android/rust-toolchain/out/package/lib/rustlib/manifest-rustc"
$ umask 022 && mkdir -p "/mnt/disks/build-disk/src/android/rust-toolchain/out/package/bin"
install: copying file /mnt/disks/build-disk/src/android/rust-toolchain/out/package/bin/rustdoc
$ cp /mnt/disks/build-disk/src/android/rust-toolchain/out/rustc/build/tmp/tarball/rustc/x86_64-unknown-linux-musl/rustc-1.77.1-dev-x86_64-unknown-linux-musl/rustc/bin/rustdoc /mnt/disks/build-disk/src/android/rust-toolchain/out/package/bin/rustdoc
$ chmod 755 /mnt/disks/build-disk/src/android/rust-toolchain/out/package/bin/rustdoc
$ echo "file:/mnt/disks/build-disk/src/android/rust-toolchain/out/package/bin/rustdoc" >> "/mnt/disks/build-disk/src/android/rust-toolchain/out/package/lib/rustlib/manifest-rustc"
$ umask 022 && mkdir -p "/mnt/disks/build-disk/src/android/rust-toolchain/out/package/lib"
install: copying file /mnt/disks/build-disk/src/android/rust-toolchain/out/package/lib/libLLVM-17.so
$ cp /mnt/disks/build-disk/src/android/rust-toolchain/out/rustc/build/tmp/tarball/rustc/x86_64-unknown-linux-musl/rustc-1.77.1-dev-x86_64-unknown-linux-musl/rustc/lib/libLLVM-17.so /mnt/disks/build-disk/src/android/rust-toolchain/out/package/lib/libLLVM-17.so
$ chmod 644 /mnt/disks/build-disk/src/android/rust-toolchain/out/package/lib/libLLVM-17.so
$ echo "file:/mnt/disks/build-disk/src/android/rust-toolchain/out/package/lib/libLLVM-17.so" >> "/mnt/disks/build-disk/src/android/rust-toolchain/out/package/lib/rustlib/manifest-rustc"
$ umask 022 && mkdir -p "/mnt/disks/build-disk/src/android/rust-toolchain/out/package/lib"
install: copying file /mnt/disks/build-disk/src/android/rust-toolchain/out/package/lib/libdarling_macro-692b0f96b9c4a73f.so
$ cp /mnt/disks/build-disk/src/android/rust-toolchain/out/rustc/build/tmp/tarball/rustc/x86_64-unknown-linux-musl/rustc-1.77.1-dev-x86_64-unknown-linux-musl/rustc/lib/libdarling_macro-692b0f96b9c4a73f.so /mnt/disks/build-disk/src/android/rust-toolchain/out/package/lib/libdarling_macro-692b0f96b9c4a73f.so
$ chmod 644 /mnt/disks/build-disk/src/android/rust-toolchain/out/package/lib/libdarling_macro-692b0f96b9c4a73f.so
$ echo "file:/mnt/disks/build-disk/src/android/rust-toolchain/out/package/lib/libdarling_macro-692b0f96b9c4a73f.so" >> "/mnt/disks/build-disk/src/android/rust-toolchain/out/package/lib/rustlib/manifest-rustc"
$ umask 022 && mkdir -p "/mnt/disks/build-disk/src/android/rust-toolchain/out/package/lib"
install: copying file /mnt/disks/build-disk/src/android/rust-toolchain/out/package/lib/libderivative-0c45a310bcbbfe1f.so
$ cp /mnt/disks/build-disk/src/android/rust-toolchain/out/rustc/build/tmp/tarball/rustc/x86_64-unknown-linux-musl/rustc-1.77.1-dev-x86_64-unknown-linux-musl/rustc/lib/libderivative-0c45a310bcbbfe1f.so /mnt/disks/build-disk/src/android/rust-toolchain/out/package/lib/libderivative-0c45a310bcbbfe1f.so
$ chmod 644 /mnt/disks/build-disk/src/android/rust-toolchain/out/package/lib/libderivative-0c45a310bcbbfe1f.so
$ echo "file:/mnt/disks/build-disk/src/android/rust-toolchain/out/package/lib/libderivative-0c45a310bcbbfe1f.so" >> "/mnt/disks/build-disk/src/android/rust-toolchain/out/package/lib/rustlib/manifest-rustc"
$ umask 022 && mkdir -p "/mnt/disks/build-disk/src/android/rust-toolchain/out/package/lib"
install: copying file /mnt/disks/build-disk/src/android/rust-toolchain/out/package/lib/libderive_more-6a027d2d33bf6c91.so
$ cp /mnt/disks/build-disk/src/android/rust-toolchain/out/rustc/build/tmp/tarball/rustc/x86_64-unknown-linux-musl/rustc-1.77.1-dev-x86_64-unknown-linux-musl/rustc/lib/libderive_more-6a027d2d33bf6c91.so /mnt/disks/build-disk/src/android/rust-toolchain/out/package/lib/libderive_more-6a027d2d33bf6c91.so
$ chmod 644 /mnt/disks/build-disk/src/android/rust-toolchain/out/package/lib/libderive_more-6a027d2d33bf6c91.so
$ echo "file:/mnt/disks/build-disk/src/android/rust-toolchain/out/package/lib/libderive_more-6a027d2d33bf6c91.so" >> "/mnt/disks/build-disk/src/android/rust-toolchain/out/package/lib/rustlib/manifest-rustc"
$ umask 022 && mkdir -p "/mnt/disks/build-disk/src/android/rust-toolchain/out/package/lib"
install: copying file /mnt/disks/build-disk/src/android/rust-toolchain/out/package/lib/libderive_setters-9f4db7ed9dea07d8.so
$ cp /mnt/disks/build-disk/src/android/rust-toolchain/out/rustc/build/tmp/tarball/rustc/x86_64-unknown-linux-musl/rustc-1.77.1-dev-x86_64-unknown-linux-musl/rustc/lib/libderive_setters-9f4db7ed9dea07d8.so /mnt/disks/build-disk/src/android/rust-toolchain/out/package/lib/libderive_setters-9f4db7ed9dea07d8.so
$ chmod 644 /mnt/disks/build-disk/src/android/rust-toolchain/out/package/lib/libderive_setters-9f4db7ed9dea07d8.so
$ echo "file:/mnt/disks/build-disk/src/android/rust-toolchain/out/package/lib/libderive_setters-9f4db7ed9dea07d8.so" >> "/mnt/disks/build-disk/src/android/rust-toolchain/out/package/lib/rustlib/manifest-rustc"
$ umask 022 && mkdir -p "/mnt/disks/build-disk/src/android/rust-toolchain/out/package/lib"
install: copying file /mnt/disks/build-disk/src/android/rust-toolchain/out/package/lib/libdisplaydoc-7901958ef4120fdc.so
$ cp /mnt/disks/build-disk/src/android/rust-toolchain/out/rustc/build/tmp/tarball/rustc/x86_64-unknown-linux-musl/rustc-1.77.1-dev-x86_64-unknown-linux-musl/rustc/lib/libdisplaydoc-7901958ef4120fdc.so /mnt/disks/build-disk/src/android/rust-toolchain/out/package/lib/libdisplaydoc-7901958ef4120fdc.so
$ chmod 644 /mnt/disks/build-disk/src/android/rust-toolchain/out/package/lib/libdisplaydoc-7901958ef4120fdc.so
$ echo "file:/mnt/disks/build-disk/src/android/rust-toolchain/out/package/lib/libdisplaydoc-7901958ef4120fdc.so" >> "/mnt/disks/build-disk/src/android/rust-toolchain/out/package/lib/rustlib/manifest-rustc"
$ umask 022 && mkdir -p "/mnt/disks/build-disk/src/android/rust-toolchain/out/package/lib"
install: copying file /mnt/disks/build-disk/src/android/rust-toolchain/out/package/lib/libicu_provider_macros-eecb967f709ce532.so
$ cp /mnt/disks/build-disk/src/android/rust-toolchain/out/rustc/build/tmp/tarball/rustc/x86_64-unknown-linux-musl/rustc-1.77.1-dev-x86_64-unknown-linux-musl/rustc/lib/libicu_provider_macros-eecb967f709ce532.so /mnt/disks/build-disk/src/android/rust-toolchain/out/package/lib/libicu_provider_macros-eecb967f709ce532.so
$ chmod 644 /mnt/disks/build-disk/src/android/rust-toolchain/out/package/lib/libicu_provider_macros-eecb967f709ce532.so
$ echo "file:/mnt/disks/build-disk/src/android/rust-toolchain/out/package/lib/libicu_provider_macros-eecb967f709ce532.so" >> "/mnt/disks/build-disk/src/android/rust-toolchain/out/package/lib/rustlib/manifest-rustc"
$ umask 022 && mkdir -p "/mnt/disks/build-disk/src/android/rust-toolchain/out/package/lib"
install: copying file /mnt/disks/build-disk/src/android/rust-toolchain/out/package/lib/libproc_macro_hack-00bf469fa3fac14f.so
$ cp /mnt/disks/build-disk/src/android/rust-toolchain/out/rustc/build/tmp/tarball/rustc/x86_64-unknown-linux-musl/rustc-1.77.1-dev-x86_64-unknown-linux-musl/rustc/lib/libproc_macro_hack-00bf469fa3fac14f.so /mnt/disks/build-disk/src/android/rust-toolchain/out/package/lib/libproc_macro_hack-00bf469fa3fac14f.so
$ chmod 644 /mnt/disks/build-disk/src/android/rust-toolchain/out/package/lib/libproc_macro_hack-00bf469fa3fac14f.so
$ echo "file:/mnt/disks/build-disk/src/android/rust-toolchain/out/package/lib/libproc_macro_hack-00bf469fa3fac14f.so" >> "/mnt/disks/build-disk/src/android/rust-toolchain/out/package/lib/rustlib/manifest-rustc"
$ umask 022 && mkdir -p "/mnt/disks/build-disk/src/android/rust-toolchain/out/package/lib"
install: copying file /mnt/disks/build-disk/src/android/rust-toolchain/out/package/lib/librustc_driver-d53e7e562868cdfe.so
$ cp /mnt/disks/build-disk/src/android/rust-toolchain/out/rustc/build/tmp/tarball/rustc/x86_64-unknown-linux-musl/rustc-1.77.1-dev-x86_64-unknown-linux-musl/rustc/lib/librustc_driver-d53e7e562868cdfe.so /mnt/disks/build-disk/src/android/rust-toolchain/out/package/lib/librustc_driver-d53e7e562868cdfe.so
$ chmod 644 /mnt/disks/build-disk/src/android/rust-toolchain/out/package/lib/librustc_driver-d53e7e562868cdfe.so
$ echo "file:/mnt/disks/build-disk/src/android/rust-toolchain/out/package/lib/librustc_driver-d53e7e562868cdfe.so" >> "/mnt/disks/build-disk/src/android/rust-toolchain/out/package/lib/rustlib/manifest-rustc"
$ umask 022 && mkdir -p "/mnt/disks/build-disk/src/android/rust-toolchain/out/package/lib"
install: copying file /mnt/disks/build-disk/src/android/rust-toolchain/out/package/lib/librustc_fluent_macro-f904c7ff2ec2d36a.so
$ cp /mnt/disks/build-disk/src/android/rust-toolchain/out/rustc/build/tmp/tarball/rustc/x86_64-unknown-linux-musl/rustc-1.77.1-dev-x86_64-unknown-linux-musl/rustc/lib/librustc_fluent_macro-f904c7ff2ec2d36a.so /mnt/disks/build-disk/src/android/rust-toolchain/out/package/lib/librustc_fluent_macro-f904c7ff2ec2d36a.so
$ chmod 644 /mnt/disks/build-disk/src/android/rust-toolchain/out/package/lib/librustc_fluent_macro-f904c7ff2ec2d36a.so
$ echo "file:/mnt/disks/build-disk/src/android/rust-toolchain/out/package/lib/librustc_fluent_macro-f904c7ff2ec2d36a.so" >> "/mnt/disks/build-disk/src/android/rust-toolchain/out/package/lib/rustlib/manifest-rustc"
$ umask 022 && mkdir -p "/mnt/disks/build-disk/src/android/rust-toolchain/out/package/lib"
install: copying file /mnt/disks/build-disk/src/android/rust-toolchain/out/package/lib/librustc_index_macros-007cce045bb3c828.so
$ cp /mnt/disks/build-disk/src/android/rust-toolchain/out/rustc/build/tmp/tarball/rustc/x86_64-unknown-linux-musl/rustc-1.77.1-dev-x86_64-unknown-linux-musl/rustc/lib/librustc_index_macros-007cce045bb3c828.so /mnt/disks/build-disk/src/android/rust-toolchain/out/package/lib/librustc_index_macros-007cce045bb3c828.so
$ chmod 644 /mnt/disks/build-disk/src/android/rust-toolchain/out/package/lib/librustc_index_macros-007cce045bb3c828.so
$ echo "file:/mnt/disks/build-disk/src/android/rust-toolchain/out/package/lib/librustc_index_macros-007cce045bb3c828.so" >> "/mnt/disks/build-disk/src/android/rust-toolchain/out/package/lib/rustlib/manifest-rustc"
$ umask 022 && mkdir -p "/mnt/disks/build-disk/src/android/rust-toolchain/out/package/lib"
install: copying file /mnt/disks/build-disk/src/android/rust-toolchain/out/package/lib/librustc_macros-7fc1cd9f6ead7212.so
$ cp /mnt/disks/build-disk/src/android/rust-toolchain/out/rustc/build/tmp/tarball/rustc/x86_64-unknown-linux-musl/rustc-1.77.1-dev-x86_64-unknown-linux-musl/rustc/lib/librustc_macros-7fc1cd9f6ead7212.so /mnt/disks/build-disk/src/android/rust-toolchain/out/package/lib/librustc_macros-7fc1cd9f6ead7212.so
$ chmod 644 /mnt/disks/build-disk/src/android/rust-toolchain/out/package/lib/librustc_macros-7fc1cd9f6ead7212.so
$ echo "file:/mnt/disks/build-disk/src/android/rust-toolchain/out/package/lib/librustc_macros-7fc1cd9f6ead7212.so" >> "/mnt/disks/build-disk/src/android/rust-toolchain/out/package/lib/rustlib/manifest-rustc"
$ umask 022 && mkdir -p "/mnt/disks/build-disk/src/android/rust-toolchain/out/package/lib"
install: copying file /mnt/disks/build-disk/src/android/rust-toolchain/out/package/lib/libserde_derive-9f8aaa38e603edbe.so
$ cp /mnt/disks/build-disk/src/android/rust-toolchain/out/rustc/build/tmp/tarball/rustc/x86_64-unknown-linux-musl/rustc-1.77.1-dev-x86_64-unknown-linux-musl/rustc/lib/libserde_derive-9f8aaa38e603edbe.so /mnt/disks/build-disk/src/android/rust-toolchain/out/package/lib/libserde_derive-9f8aaa38e603edbe.so
$ chmod 644 /mnt/disks/build-disk/src/android/rust-toolchain/out/package/lib/libserde_derive-9f8aaa38e603edbe.so
$ echo "file:/mnt/disks/build-disk/src/android/rust-toolchain/out/package/lib/libserde_derive-9f8aaa38e603edbe.so" >> "/mnt/disks/build-disk/src/android/rust-toolchain/out/package/lib/rustlib/manifest-rustc"
$ umask 022 && mkdir -p "/mnt/disks/build-disk/src/android/rust-toolchain/out/package/lib"
install: copying file /mnt/disks/build-disk/src/android/rust-toolchain/out/package/lib/libstd-c13e287be0f204f2.so
$ cp /mnt/disks/build-disk/src/android/rust-toolchain/out/rustc/build/tmp/tarball/rustc/x86_64-unknown-linux-musl/rustc-1.77.1-dev-x86_64-unknown-linux-musl/rustc/lib/libstd-c13e287be0f204f2.so /mnt/disks/build-disk/src/android/rust-toolchain/out/package/lib/libstd-c13e287be0f204f2.so
$ chmod 644 /mnt/disks/build-disk/src/android/rust-toolchain/out/package/lib/libstd-c13e287be0f204f2.so
$ echo "file:/mnt/disks/build-disk/src/android/rust-toolchain/out/package/lib/libstd-c13e287be0f204f2.so" >> "/mnt/disks/build-disk/src/android/rust-toolchain/out/package/lib/rustlib/manifest-rustc"
$ umask 022 && mkdir -p "/mnt/disks/build-disk/src/android/rust-toolchain/out/package/lib"
install: copying file /mnt/disks/build-disk/src/android/rust-toolchain/out/package/lib/libthiserror_impl-7ee80e9a4300924c.so
$ cp /mnt/disks/build-disk/src/android/rust-toolchain/out/rustc/build/tmp/tarball/rustc/x86_64-unknown-linux-musl/rustc-1.77.1-dev-x86_64-unknown-linux-musl/rustc/lib/libthiserror_impl-7ee80e9a4300924c.so /mnt/disks/build-disk/src/android/rust-toolchain/out/package/lib/libthiserror_impl-7ee80e9a4300924c.so
$ chmod 644 /mnt/disks/build-disk/src/android/rust-toolchain/out/package/lib/libthiserror_impl-7ee80e9a4300924c.so
$ echo "file:/mnt/disks/build-disk/src/android/rust-toolchain/out/package/lib/libthiserror_impl-7ee80e9a4300924c.so" >> "/mnt/disks/build-disk/src/android/rust-toolchain/out/package/lib/rustlib/manifest-rustc"
$ umask 022 && mkdir -p "/mnt/disks/build-disk/src/android/rust-toolchain/out/package/lib"
install: copying file /mnt/disks/build-disk/src/android/rust-toolchain/out/package/lib/libtracing_attributes-abbf352fa2ffe80e.so
$ cp /mnt/disks/build-disk/src/android/rust-toolchain/out/rustc/build/tmp/tarball/rustc/x86_64-unknown-linux-musl/rustc-1.77.1-dev-x86_64-unknown-linux-musl/rustc/lib/libtracing_attributes-abbf352fa2ffe80e.so /mnt/disks/build-disk/src/android/rust-toolchain/out/package/lib/libtracing_attributes-abbf352fa2ffe80e.so
$ chmod 644 /mnt/disks/build-disk/src/android/rust-toolchain/out/package/lib/libtracing_attributes-abbf352fa2ffe80e.so
$ echo "file:/mnt/disks/build-disk/src/android/rust-toolchain/out/package/lib/libtracing_attributes-abbf352fa2ffe80e.so" >> "/mnt/disks/build-disk/src/android/rust-toolchain/out/package/lib/rustlib/manifest-rustc"
$ umask 022 && mkdir -p "/mnt/disks/build-disk/src/android/rust-toolchain/out/package/lib"
install: copying file /mnt/disks/build-disk/src/android/rust-toolchain/out/package/lib/libunic_langid_macros_impl-8584624db97ea793.so
$ cp /mnt/disks/build-disk/src/android/rust-toolchain/out/rustc/build/tmp/tarball/rustc/x86_64-unknown-linux-musl/rustc-1.77.1-dev-x86_64-unknown-linux-musl/rustc/lib/libunic_langid_macros_impl-8584624db97ea793.so /mnt/disks/build-disk/src/android/rust-toolchain/out/package/lib/libunic_langid_macros_impl-8584624db97ea793.so
$ chmod 644 /mnt/disks/build-disk/src/android/rust-toolchain/out/package/lib/libunic_langid_macros_impl-8584624db97ea793.so
$ echo "file:/mnt/disks/build-disk/src/android/rust-toolchain/out/package/lib/libunic_langid_macros_impl-8584624db97ea793.so" >> "/mnt/disks/build-disk/src/android/rust-toolchain/out/package/lib/rustlib/manifest-rustc"
$ umask 022 && mkdir -p "/mnt/disks/build-disk/src/android/rust-toolchain/out/package/lib"
install: copying file /mnt/disks/build-disk/src/android/rust-toolchain/out/package/lib/libyoke_derive-d5fa567a3d8e76ec.so
$ cp /mnt/disks/build-disk/src/android/rust-toolchain/out/rustc/build/tmp/tarball/rustc/x86_64-unknown-linux-musl/rustc-1.77.1-dev-x86_64-unknown-linux-musl/rustc/lib/libyoke_derive-d5fa567a3d8e76ec.so /mnt/disks/build-disk/src/android/rust-toolchain/out/package/lib/libyoke_derive-d5fa567a3d8e76ec.so
$ chmod 644 /mnt/disks/build-disk/src/android/rust-toolchain/out/package/lib/libyoke_derive-d5fa567a3d8e76ec.so
$ echo "file:/mnt/disks/build-disk/src/android/rust-toolchain/out/package/lib/libyoke_derive-d5fa567a3d8e76ec.so" >> "/mnt/disks/build-disk/src/android/rust-toolchain/out/package/lib/rustlib/manifest-rustc"
$ umask 022 && mkdir -p "/mnt/disks/build-disk/src/android/rust-toolchain/out/package/lib"
install: copying file /mnt/disks/build-disk/src/android/rust-toolchain/out/package/lib/libzerofrom_derive-243086b347516a11.so
$ cp /mnt/disks/build-disk/src/android/rust-toolchain/out/rustc/build/tmp/tarball/rustc/x86_64-unknown-linux-musl/rustc-1.77.1-dev-x86_64-unknown-linux-musl/rustc/lib/libzerofrom_derive-243086b347516a11.so /mnt/disks/build-disk/src/android/rust-toolchain/out/package/lib/libzerofrom_derive-243086b347516a11.so
$ chmod 644 /mnt/disks/build-disk/src/android/rust-toolchain/out/package/lib/libzerofrom_derive-243086b347516a11.so
$ echo "file:/mnt/disks/build-disk/src/android/rust-toolchain/out/package/lib/libzerofrom_derive-243086b347516a11.so" >> "/mnt/disks/build-disk/src/android/rust-toolchain/out/package/lib/rustlib/manifest-rustc"
$ umask 022 && mkdir -p "/mnt/disks/build-disk/src/android/rust-toolchain/out/package/lib"
install: copying file /mnt/disks/build-disk/src/android/rust-toolchain/out/package/lib/libzerovec_derive-a75a055b75b22684.so
$ cp /mnt/disks/build-disk/src/android/rust-toolchain/out/rustc/build/tmp/tarball/rustc/x86_64-unknown-linux-musl/rustc-1.77.1-dev-x86_64-unknown-linux-musl/rustc/lib/libzerovec_derive-a75a055b75b22684.so /mnt/disks/build-disk/src/android/rust-toolchain/out/package/lib/libzerovec_derive-a75a055b75b22684.so
$ chmod 644 /mnt/disks/build-disk/src/android/rust-toolchain/out/package/lib/libzerovec_derive-a75a055b75b22684.so
$ echo "file:/mnt/disks/build-disk/src/android/rust-toolchain/out/package/lib/libzerovec_derive-a75a055b75b22684.so" >> "/mnt/disks/build-disk/src/android/rust-toolchain/out/package/lib/rustlib/manifest-rustc"
$ umask 022 && mkdir -p "/mnt/disks/build-disk/src/android/rust-toolchain/out/package/lib/rustlib/etc"
install: copying file /mnt/disks/build-disk/src/android/rust-toolchain/out/package/lib/rustlib/etc/gdb_load_rust_pretty_printers.py
$ cp /mnt/disks/build-disk/src/android/rust-toolchain/out/rustc/build/tmp/tarball/rustc/x86_64-unknown-linux-musl/rustc-1.77.1-dev-x86_64-unknown-linux-musl/rustc/lib/rustlib/etc/gdb_load_rust_pretty_printers.py /mnt/disks/build-disk/src/android/rust-toolchain/out/package/lib/rustlib/etc/gdb_load_rust_pretty_printers.py
$ chmod 644 /mnt/disks/build-disk/src/android/rust-toolchain/out/package/lib/rustlib/etc/gdb_load_rust_pretty_printers.py
$ echo "file:/mnt/disks/build-disk/src/android/rust-toolchain/out/package/lib/rustlib/etc/gdb_load_rust_pretty_printers.py" >> "/mnt/disks/build-disk/src/android/rust-toolchain/out/package/lib/rustlib/manifest-rustc"
$ umask 022 && mkdir -p "/mnt/disks/build-disk/src/android/rust-toolchain/out/package/lib/rustlib/etc"
install: copying file /mnt/disks/build-disk/src/android/rust-toolchain/out/package/lib/rustlib/etc/gdb_lookup.py
$ cp /mnt/disks/build-disk/src/android/rust-toolchain/out/rustc/build/tmp/tarball/rustc/x86_64-unknown-linux-musl/rustc-1.77.1-dev-x86_64-unknown-linux-musl/rustc/lib/rustlib/etc/gdb_lookup.py /mnt/disks/build-disk/src/android/rust-toolchain/out/package/lib/rustlib/etc/gdb_lookup.py
$ chmod 644 /mnt/disks/build-disk/src/android/rust-toolchain/out/package/lib/rustlib/etc/gdb_lookup.py
$ echo "file:/mnt/disks/build-disk/src/android/rust-toolchain/out/package/lib/rustlib/etc/gdb_lookup.py" >> "/mnt/disks/build-disk/src/android/rust-toolchain/out/package/lib/rustlib/manifest-rustc"
$ umask 022 && mkdir -p "/mnt/disks/build-disk/src/android/rust-toolchain/out/package/lib/rustlib/etc"
install: copying file /mnt/disks/build-disk/src/android/rust-toolchain/out/package/lib/rustlib/etc/gdb_providers.py
$ cp /mnt/disks/build-disk/src/android/rust-toolchain/out/rustc/build/tmp/tarball/rustc/x86_64-unknown-linux-musl/rustc-1.77.1-dev-x86_64-unknown-linux-musl/rustc/lib/rustlib/etc/gdb_providers.py /mnt/disks/build-disk/src/android/rust-toolchain/out/package/lib/rustlib/etc/gdb_providers.py
$ chmod 644 /mnt/disks/build-disk/src/android/rust-toolchain/out/package/lib/rustlib/etc/gdb_providers.py
$ echo "file:/mnt/disks/build-disk/src/android/rust-toolchain/out/package/lib/rustlib/etc/gdb_providers.py" >> "/mnt/disks/build-disk/src/android/rust-toolchain/out/package/lib/rustlib/manifest-rustc"
$ umask 022 && mkdir -p "/mnt/disks/build-disk/src/android/rust-toolchain/out/package/lib/rustlib/etc"
install: copying file /mnt/disks/build-disk/src/android/rust-toolchain/out/package/lib/rustlib/etc/lldb_commands
$ cp /mnt/disks/build-disk/src/android/rust-toolchain/out/rustc/build/tmp/tarball/rustc/x86_64-unknown-linux-musl/rustc-1.77.1-dev-x86_64-unknown-linux-musl/rustc/lib/rustlib/etc/lldb_commands /mnt/disks/build-disk/src/android/rust-toolchain/out/package/lib/rustlib/etc/lldb_commands
$ chmod 644 /mnt/disks/build-disk/src/android/rust-toolchain/out/package/lib/rustlib/etc/lldb_commands
$ echo "file:/mnt/disks/build-disk/src/android/rust-toolchain/out/package/lib/rustlib/etc/lldb_commands" >> "/mnt/disks/build-disk/src/android/rust-toolchain/out/package/lib/rustlib/manifest-rustc"
$ umask 022 && mkdir -p "/mnt/disks/build-disk/src/android/rust-toolchain/out/package/lib/rustlib/etc"
install: copying file /mnt/disks/build-disk/src/android/rust-toolchain/out/package/lib/rustlib/etc/lldb_lookup.py
$ cp /mnt/disks/build-disk/src/android/rust-toolchain/out/rustc/build/tmp/tarball/rustc/x86_64-unknown-linux-musl/rustc-1.77.1-dev-x86_64-unknown-linux-musl/rustc/lib/rustlib/etc/lldb_lookup.py /mnt/disks/build-disk/src/android/rust-toolchain/out/package/lib/rustlib/etc/lldb_lookup.py
$ chmod 644 /mnt/disks/build-disk/src/android/rust-toolchain/out/package/lib/rustlib/etc/lldb_lookup.py
$ echo "file:/mnt/disks/build-disk/src/android/rust-toolchain/out/package/lib/rustlib/etc/lldb_lookup.py" >> "/mnt/disks/build-disk/src/android/rust-toolchain/out/package/lib/rustlib/manifest-rustc"
$ umask 022 && mkdir -p "/mnt/disks/build-disk/src/android/rust-toolchain/out/package/lib/rustlib/etc"
install: copying file /mnt/disks/build-disk/src/android/rust-toolchain/out/package/lib/rustlib/etc/lldb_providers.py
$ cp /mnt/disks/build-disk/src/android/rust-toolchain/out/rustc/build/tmp/tarball/rustc/x86_64-unknown-linux-musl/rustc-1.77.1-dev-x86_64-unknown-linux-musl/rustc/lib/rustlib/etc/lldb_providers.py /mnt/disks/build-disk/src/android/rust-toolchain/out/package/lib/rustlib/etc/lldb_providers.py
$ chmod 644 /mnt/disks/build-disk/src/android/rust-toolchain/out/package/lib/rustlib/etc/lldb_providers.py
$ echo "file:/mnt/disks/build-disk/src/android/rust-toolchain/out/package/lib/rustlib/etc/lldb_providers.py" >> "/mnt/disks/build-disk/src/android/rust-toolchain/out/package/lib/rustlib/manifest-rustc"
$ umask 022 && mkdir -p "/mnt/disks/build-disk/src/android/rust-toolchain/out/package/lib/rustlib/etc"
install: copying file /mnt/disks/build-disk/src/android/rust-toolchain/out/package/lib/rustlib/etc/rust_types.py
$ cp /mnt/disks/build-disk/src/android/rust-toolchain/out/rustc/build/tmp/tarball/rustc/x86_64-unknown-linux-musl/rustc-1.77.1-dev-x86_64-unknown-linux-musl/rustc/lib/rustlib/etc/rust_types.py /mnt/disks/build-disk/src/android/rust-toolchain/out/package/lib/rustlib/etc/rust_types.py
$ chmod 644 /mnt/disks/build-disk/src/android/rust-toolchain/out/package/lib/rustlib/etc/rust_types.py
$ echo "file:/mnt/disks/build-disk/src/android/rust-toolchain/out/package/lib/rustlib/etc/rust_types.py" >> "/mnt/disks/build-disk/src/android/rust-toolchain/out/package/lib/rustlib/manifest-rustc"
$ umask 022 && mkdir -p "/mnt/disks/build-disk/src/android/rust-toolchain/out/package/libexec"
install: copying file /mnt/disks/build-disk/src/android/rust-toolchain/out/package/libexec/rust-analyzer-proc-macro-srv
$ cp /mnt/disks/build-disk/src/android/rust-toolchain/out/rustc/build/tmp/tarball/rustc/x86_64-unknown-linux-musl/rustc-1.77.1-dev-x86_64-unknown-linux-musl/rustc/libexec/rust-analyzer-proc-macro-srv /mnt/disks/build-disk/src/android/rust-toolchain/out/package/libexec/rust-analyzer-proc-macro-srv
$ chmod 755 /mnt/disks/build-disk/src/android/rust-toolchain/out/package/libexec/rust-analyzer-proc-macro-srv
$ echo "file:/mnt/disks/build-disk/src/android/rust-toolchain/out/package/libexec/rust-analyzer-proc-macro-srv" >> "/mnt/disks/build-disk/src/android/rust-toolchain/out/package/lib/rustlib/manifest-rustc"
$ umask 022 && mkdir -p "/mnt/disks/build-disk/src/android/rust-toolchain/out/package/share/doc/rust"
install: copying file /mnt/disks/build-disk/src/android/rust-toolchain/out/package/share/doc/rust/COPYRIGHT
$ cp /mnt/disks/build-disk/src/android/rust-toolchain/out/rustc/build/tmp/tarball/rustc/x86_64-unknown-linux-musl/rustc-1.77.1-dev-x86_64-unknown-linux-musl/rustc/share/doc/rust/COPYRIGHT /mnt/disks/build-disk/src/android/rust-toolchain/out/package/share/doc/rust/COPYRIGHT
$ chmod 644 /mnt/disks/build-disk/src/android/rust-toolchain/out/package/share/doc/rust/COPYRIGHT
$ echo "file:/mnt/disks/build-disk/src/android/rust-toolchain/out/package/share/doc/rust/COPYRIGHT" >> "/mnt/disks/build-disk/src/android/rust-toolchain/out/package/lib/rustlib/manifest-rustc"
$ umask 022 && mkdir -p "/mnt/disks/build-disk/src/android/rust-toolchain/out/package/share/doc/rust"
install: copying file /mnt/disks/build-disk/src/android/rust-toolchain/out/package/share/doc/rust/LICENSE-APACHE
install: backing up existing file at /mnt/disks/build-disk/src/android/rust-toolchain/out/package/share/doc/rust/LICENSE-APACHE
$ mv -f /mnt/disks/build-disk/src/android/rust-toolchain/out/package/share/doc/rust/LICENSE-APACHE /mnt/disks/build-disk/src/android/rust-toolchain/out/package/share/doc/rust/LICENSE-APACHE.old
$ cp /mnt/disks/build-disk/src/android/rust-toolchain/out/rustc/build/tmp/tarball/rustc/x86_64-unknown-linux-musl/rustc-1.77.1-dev-x86_64-unknown-linux-musl/rustc/share/doc/rust/LICENSE-APACHE /mnt/disks/build-disk/src/android/rust-toolchain/out/package/share/doc/rust/LICENSE-APACHE
$ chmod 644 /mnt/disks/build-disk/src/android/rust-toolchain/out/package/share/doc/rust/LICENSE-APACHE
$ echo "file:/mnt/disks/build-disk/src/android/rust-toolchain/out/package/share/doc/rust/LICENSE-APACHE" >> "/mnt/disks/build-disk/src/android/rust-toolchain/out/package/lib/rustlib/manifest-rustc"
$ umask 022 && mkdir -p "/mnt/disks/build-disk/src/android/rust-toolchain/out/package/share/doc/rust"
install: copying file /mnt/disks/build-disk/src/android/rust-toolchain/out/package/share/doc/rust/LICENSE-MIT
install: backing up existing file at /mnt/disks/build-disk/src/android/rust-toolchain/out/package/share/doc/rust/LICENSE-MIT
$ mv -f /mnt/disks/build-disk/src/android/rust-toolchain/out/package/share/doc/rust/LICENSE-MIT /mnt/disks/build-disk/src/android/rust-toolchain/out/package/share/doc/rust/LICENSE-MIT.old
$ cp /mnt/disks/build-disk/src/android/rust-toolchain/out/rustc/build/tmp/tarball/rustc/x86_64-unknown-linux-musl/rustc-1.77.1-dev-x86_64-unknown-linux-musl/rustc/share/doc/rust/LICENSE-MIT /mnt/disks/build-disk/src/android/rust-toolchain/out/package/share/doc/rust/LICENSE-MIT
$ chmod 644 /mnt/disks/build-disk/src/android/rust-toolchain/out/package/share/doc/rust/LICENSE-MIT
$ echo "file:/mnt/disks/build-disk/src/android/rust-toolchain/out/package/share/doc/rust/LICENSE-MIT" >> "/mnt/disks/build-disk/src/android/rust-toolchain/out/package/lib/rustlib/manifest-rustc"
$ umask 022 && mkdir -p "/mnt/disks/build-disk/src/android/rust-toolchain/out/package/share/doc/rust"
install: copying file /mnt/disks/build-disk/src/android/rust-toolchain/out/package/share/doc/rust/README.md
install: backing up existing file at /mnt/disks/build-disk/src/android/rust-toolchain/out/package/share/doc/rust/README.md
$ mv -f /mnt/disks/build-disk/src/android/rust-toolchain/out/package/share/doc/rust/README.md /mnt/disks/build-disk/src/android/rust-toolchain/out/package/share/doc/rust/README.md.old
$ cp /mnt/disks/build-disk/src/android/rust-toolchain/out/rustc/build/tmp/tarball/rustc/x86_64-unknown-linux-musl/rustc-1.77.1-dev-x86_64-unknown-linux-musl/rustc/share/doc/rust/README.md /mnt/disks/build-disk/src/android/rust-toolchain/out/package/share/doc/rust/README.md
$ chmod 644 /mnt/disks/build-disk/src/android/rust-toolchain/out/package/share/doc/rust/README.md
$ echo "file:/mnt/disks/build-disk/src/android/rust-toolchain/out/package/share/doc/rust/README.md" >> "/mnt/disks/build-disk/src/android/rust-toolchain/out/package/lib/rustlib/manifest-rustc"
$ umask 022 && mkdir -p "/mnt/disks/build-disk/src/android/rust-toolchain/out/package/share/man/man1"
install: copying file /mnt/disks/build-disk/src/android/rust-toolchain/out/package/share/man/man1/rustc.1
$ cp /mnt/disks/build-disk/src/android/rust-toolchain/out/rustc/build/tmp/tarball/rustc/x86_64-unknown-linux-musl/rustc-1.77.1-dev-x86_64-unknown-linux-musl/rustc/share/man/man1/rustc.1 /mnt/disks/build-disk/src/android/rust-toolchain/out/package/share/man/man1/rustc.1
$ chmod 644 /mnt/disks/build-disk/src/android/rust-toolchain/out/package/share/man/man1/rustc.1
$ echo "file:/mnt/disks/build-disk/src/android/rust-toolchain/out/package/share/man/man1/rustc.1" >> "/mnt/disks/build-disk/src/android/rust-toolchain/out/package/lib/rustlib/manifest-rustc"
$ umask 022 && mkdir -p "/mnt/disks/build-disk/src/android/rust-toolchain/out/package/share/man/man1"
install: copying file /mnt/disks/build-disk/src/android/rust-toolchain/out/package/share/man/man1/rustdoc.1
$ cp /mnt/disks/build-disk/src/android/rust-toolchain/out/rustc/build/tmp/tarball/rustc/x86_64-unknown-linux-musl/rustc-1.77.1-dev-x86_64-unknown-linux-musl/rustc/share/man/man1/rustdoc.1 /mnt/disks/build-disk/src/android/rust-toolchain/out/package/share/man/man1/rustdoc.1
$ chmod 644 /mnt/disks/build-disk/src/android/rust-toolchain/out/package/share/man/man1/rustdoc.1
$ echo "file:/mnt/disks/build-disk/src/android/rust-toolchain/out/package/share/man/man1/rustdoc.1" >> "/mnt/disks/build-disk/src/android/rust-toolchain/out/package/lib/rustlib/manifest-rustc"
